Archive member included because of file (symbol)

./../Platform/Sensors/debug/libSensors_efm32_debug.a(Accelerometer.o)
                              C:/Users/FUQ1DON/XDK-Workspace/XDK_MQTTClient/debug/objects/Sensormodules.o (Accelerometer_init)
./../Platform/Sensors/debug/libSensors_efm32_debug.a(Environmental.o)
                              C:/Users/FUQ1DON/XDK-Workspace/XDK_MQTTClient/debug/objects/Sensormodules.o (Environmental_init)
./../Platform/Sensors/debug/libSensors_efm32_debug.a(EnvironmentalUtils.o)
                              ./../Platform/Sensors/debug/libSensors_efm32_debug.a(Environmental.o) (SetAmbientTemperatureOffset)
./../Platform/Sensors/debug/libSensors_efm32_debug.a(Gyroscope.o)
                              C:/Users/FUQ1DON/XDK-Workspace/XDK_MQTTClient/debug/objects/Sensormodules.o (Gyroscope_init)
./../Platform/Sensors/debug/libSensors_efm32_debug.a(LightSensor.o)
                              C:/Users/FUQ1DON/XDK-Workspace/XDK_MQTTClient/debug/objects/Sensormodules.o (LightSensor_init)
./../Platform/BSP/debug/libBSP_efm32_debug.a(BSP_LED.o)
                              C:/Users/FUQ1DON/XDK-Workspace/XDK_MQTTClient/debug/objects/source/SystemStartup.o (BSP_LED_Connect)
./../Platform/BSP/debug/libBSP_efm32_debug.a(BSP_USB.o)
                              C:/Users/FUQ1DON/XDK-Workspace/XDK_MQTTClient/debug/objects/source/RetargetStdio.o (RETARGET_WriteChar)
./../Platform/BSP/debug/libBSP_efm32_debug.a(BSP_Board.o)
                              C:/Users/FUQ1DON/XDK-Workspace/XDK_MQTTClient/debug/objects/source/SystemStartup.o (BSP_Board_OSTickInitialize)
./../Platform/BSP/debug/libBSP_efm32_debug.a(BSP_DMA.o)
                              ./../Platform/BSP/debug/libBSP_efm32_debug.a(BSP_Board.o) (BSP_DMA_Initialize)
./../Platform/BSP/debug/libBSP_efm32_debug.a(BSP_IrqHandler.o)
                              ./../Platform/BSP/debug/libBSP_efm32_debug.a(BSP_Board.o) (IrqHandler_SysTickDummyHandler)
./../Platform/BSP/debug/libBSP_efm32_debug.a(BSP_ExtensionPort.o)
                              ./../Platform/BSP/debug/libBSP_efm32_debug.a(BSP_IrqHandler.o) (BSP_ExtensionPort_I2cIsr)
./../Platform/BSP/debug/libBSP_efm32_debug.a(BSP_WiFi_cc3100mod.o)
                              ./../Platform/BSP/debug/libBSP_efm32_debug.a(BSP_IrqHandler.o) (WiFi_CC3100MOD_SPIRxISR)
./../Platform/BSP/debug/libBSP_efm32_debug.a(BSP_BT_EM9301.o)
                              ./../Platform/BSP/debug/libBSP_efm32_debug.a(BSP_IrqHandler.o) (BT_EM9301_UART_TxISR)
./../Platform/BSP/debug/libBSP_efm32_debug.a(BSP_SensorNode.o)
                              ./../Platform/BSP/debug/libBSP_efm32_debug.a(BSP_IrqHandler.o) (SensorNode_I2CISR)
./../Platform/BSP/debug/libBSP_efm32_debug.a(BSP_SDCard.o)
                              ./../Platform/BSP/debug/libBSP_efm32_debug.a(BSP_IrqHandler.o) (SDCard_SPIRxISR)
./../Libraries/FreeRTOS/debug/libFreeRTOS_efm32_debug.a(tasks.o)
                              C:/Users/FUQ1DON/XDK-Workspace/XDK_MQTTClient/debug/objects/Main.o (vTaskStartScheduler)
./../Libraries/FreeRTOS/debug/libFreeRTOS_efm32_debug.a(timers.o)
                              ./../Libraries/FreeRTOS/debug/libFreeRTOS_efm32_debug.a(tasks.o) (xTimerCreateTimerTask)
./../Libraries/FreeRTOS/debug/libFreeRTOS_efm32_debug.a(heap_4.o)
                              ./../Libraries/FreeRTOS/debug/libFreeRTOS_efm32_debug.a(tasks.o) (pvPortMalloc)
./../Libraries/FreeRTOS/debug/libFreeRTOS_efm32_debug.a(port.o)
                              ./../Libraries/FreeRTOS/debug/libFreeRTOS_efm32_debug.a(tasks.o) (pxPortInitialiseStack)
./../Libraries/FreeRTOS/debug/libFreeRTOS_efm32_debug.a(list.o)
                              ./../Libraries/FreeRTOS/debug/libFreeRTOS_efm32_debug.a(tasks.o) (vListInitialise)
./../Libraries/FreeRTOS/debug/libFreeRTOS_efm32_debug.a(queue.o)
                              ./../Libraries/FreeRTOS/debug/libFreeRTOS_efm32_debug.a(timers.o) (xQueueGenericCreate)
./../Libraries/EMlib/debug/libEMLib_efm32_debug.a(em_adc.o)
                              ./../Platform/BSP/debug/libBSP_efm32_debug.a(BSP_Board.o) (ADC_Init)
./../Libraries/EMlib/debug/libEMLib_efm32_debug.a(em_cmu.o)
                              ./../Platform/BSP/debug/libBSP_efm32_debug.a(BSP_Board.o) (CMU_ClockDivSet)
./../Libraries/EMlib/debug/libEMLib_efm32_debug.a(em_msc.o)
                              ./../Platform/BSP/debug/libBSP_efm32_debug.a(BSP_Board.o) (MSC_Init)
./../Libraries/EMlib/debug/libEMLib_efm32_debug.a(em_dma.o)
                              ./../Platform/BSP/debug/libBSP_efm32_debug.a(BSP_DMA.o) (DMA_Reset)
./../Libraries/EMlib/debug/libEMLib_efm32_debug.a(em_emu.o)
                              ./../Libraries/EMlib/debug/libEMLib_efm32_debug.a(em_cmu.o) (EMU_UpdateOscConfig)
./../Libraries/EMlib/debug/libEMLib_efm32_debug.a(em_gpio.o)
                              ./../Platform/BSP/debug/libBSP_efm32_debug.a(BSP_Board.o) (GPIO_DriveModeSet)
./../Libraries/EMlib/debug/libEMLib_efm32_debug.a(em_int.o)
[...]
Memory Configuration

Name             Origin             Length             Attributes
FLASH            0x00010000         0x000f0000         xr
RAM              0x20000000         0x00020000         xrw
*default*        0x00000000         0xffffffff

Linker script and memory map

LOAD c:/xdk-workbench/xdk/armgcc/bin/../lib/gcc/arm-none-eabi/4.7.4/armv7-m/crti.o
LOAD c:/xdk-workbench/xdk/armgcc/bin/../lib/gcc/arm-none-eabi/4.7.4/armv7-m/crtbegin.o
LOAD c:/xdk-workbench/xdk/armgcc/bin/../lib/gcc/arm-none-eabi/4.7.4/../../../../arm-none-eabi/lib/armv7-m/crt0.o
LOAD C:/Users/FUQ1DON/XDK-Workspace/XDK_MQTTClient/debug/objects/source/Assert.o
LOAD C:/Users/FUQ1DON/XDK-Workspace/XDK_MQTTClient/debug/objects/source/RetargetStdio.o
LOAD C:/Users/FUQ1DON/XDK-Workspace/XDK_MQTTClient/debug/objects/source/BleDeviceInfoService.o
LOAD C:/Users/FUQ1DON/XDK-Workspace/XDK_MQTTClient/debug/objects/source/cJSON.o
LOAD C:/Users/FUQ1DON/XDK-Workspace/XDK_MQTTClient/debug/objects/source/UsbResetUtility.o
LOAD C:/Users/FUQ1DON/XDK-Workspace/XDK_MQTTClient/debug/objects/source/SensorHandle.o
LOAD C:/Users/FUQ1DON/XDK-Workspace/XDK_MQTTClient/debug/objects/source/SystemStartup.o
LOAD C:/Users/FUQ1DON/XDK-Workspace/XDK_MQTTClient/debug/objects/source/XdkVersion.o
LOAD C:/Users/FUQ1DON/XDK-Workspace/XDK_MQTTClient/debug/objects/legacy/source/ServalPAL_WiFi.o
LOAD C:/Users/FUQ1DON/XDK-Workspace/XDK_MQTTClient/debug/objects/./../Libraries/EMlib/3rd-party/EMLib/usb/src/em_usbdint.o
LOAD C:/Users/FUQ1DON/XDK-Workspace/XDK_MQTTClient/debug/objects/Main.o
LOAD C:/Users/FUQ1DON/XDK-Workspace/XDK_MQTTClient/debug/objects/XDK_MQTTClient.o
LOAD C:/Users/FUQ1DON/XDK-Workspace/XDK_MQTTClient/debug/objects/Sensormodules.o
LOAD C:/Users/FUQ1DON/XDK-Workspace/XDK_MQTTClient/debug/objects/startup_efm32gg.o
START GROUP
LOAD ./../Platform/SensorUtils/debug/libSensorUtils_efm32_debug.a
LOAD ./../Platform/Sensors/debug/libSensors_efm32_debug.a
LOAD ./../Platform/BSP/debug/libBSP_efm32_debug.a
LOAD ./../Libraries/FreeRTOS/debug/libFreeRTOS_efm32_debug.a
LOAD ./../Libraries/EMlib/debug/libEMLib_efm32_debug.a
LOAD ./../Libraries/BSTLib/debug/libBSTLib_efm32_debug.a
LOAD ./../Libraries/WiFi/debug/libWiFi_efm32_debug.a
LOAD ./../Libraries/FATfs/debug/libFATfs_efm32_debug.a
LOAD ./../Platform/Essentials/release/libEssentials_efm32.a
LOAD ./../Platform/Utils/release/libUtils_efm32.a
LOAD ./../Platform/Drivers/release/libDrivers_efm32.a
LOAD ./../Platform/FOTA/release/libFOTA_efm32.a
LOAD ./../Platform/Wlan/release/libWlan_efm32.a
LOAD ./../Platform/BLE/release/libBLE_efm32.a
LOAD ./../Platform/SensorToolbox/release/libSensorToolbox_efm32.a
LOAD ./../Libraries/BLEStack/3rd-party/Alpwise/ALPW-BLESDKCM3/BLESW_AlertNotification/Libraries/BLESW_ANP_Server_CM3.a
LOAD ./../Libraries/BLEStack/3rd-party/Alpwise/ALPW-BLESDKCM3/BLESW_AlertNotification/Libraries/BLESW_ANP_Client_CM3.a
LOAD ./../Libraries/BLEStack/3rd-party/Alpwise/ALPW-BLESDKCM3/BLESW_ALPWDataExchange/Libraries/BLESW_ALPWDEP_Server_CM3.a
LOAD ./../Libraries/BLEStack/3rd-party/Alpwise/ALPW-BLESDKCM3/BLESW_ALPWDataExchange/Libraries/BLESW_ALPWDEP_Client_CM3.a
LOAD ./../Libraries/BLEStack/3rd-party/Alpwise/ALPW-BLESDKCM3/BLESW_AppleNotificationCenter/Libraries/BLESW_ANCP_Consumer_CM3.a
LOAD ./../Libraries/BLEStack/3rd-party/Alpwise/ALPW-BLESDKCM3/BLESW_BloodPressure/Libraries/BLESW_BLP_Sensor_CM3.a
LOAD ./../Libraries/BLEStack/3rd-party/Alpwise/ALPW-BLESDKCM3/BLESW_BloodPressure/Libraries/BLESW_BLP_Collector_CM3.a
LOAD ./../Libraries/BLEStack/3rd-party/Alpwise/ALPW-BLESDKCM3/BLESW_CoreStack/Libraries/BLESW_CPS_CM3.a
LOAD ./../Libraries/BLEStack/3rd-party/Alpwise/ALPW-BLESDKCM3/BLESW_CoreStack/Libraries/BLESW_CoreStack_CM3.a
LOAD ./../Libraries/BLEStack/3rd-party/Alpwise/ALPW-BLESDKCM3/BLESW_CoreStack/Libraries/BLESW_CSCS_CM3.a
LOAD ./../Libraries/BLEStack/3rd-party/Alpwise/ALPW-BLESDKCM3/BLESW_CoreStack/Libraries/BLESW_RTUS_CM3.a
LOAD ./../Libraries/BLEStack/3rd-party/Alpwise/ALPW-BLESDKCM3/BLESW_CoreStack/Libraries/BLESW_HRS_CM3.a
LOAD ./../Libraries/BLEStack/3rd-party/Alpwise/ALPW-BLESDKCM3/BLESW_CoreStack/Libraries/BLESW_CTS_CM3.a
LOAD ./../Libraries/BLEStack/3rd-party/Alpwise/ALPW-BLESDKCM3/BLESW_CoreStack/Libraries/BLESW_CoreStack_Monitor_CM3.a
LOAD ./../Libraries/BLEStack/3rd-party/Alpwise/ALPW-BLESDKCM3/BLESW_CoreStack/Libraries/BLESW_UDS_CM3.a
LOAD ./../Libraries/BLEStack/3rd-party/Alpwise/ALPW-BLESDKCM3/BLESW_CoreStack/Libraries/BLESW_NDCS_CM3.a
LOAD ./../Libraries/BLEStack/3rd-party/Alpwise/ALPW-BLESDKCM3/BLESW_CoreStack/Libraries/BLESW_TPS_CM3.a
LOAD ./../Libraries/BLEStack/3rd-party/Alpwise/ALPW-BLESDKCM3/BLESW_CoreStack/Libraries/BLESW_BLS_CM3.a
LOAD ./../Libraries/BLEStack/3rd-party/Alpwise/ALPW-BLESDKCM3/BLESW_CoreStack/Libraries/BLESW_LNS_CM3.a
LOAD ./../Libraries/BLEStack/3rd-party/Alpwise/ALPW-BLESDKCM3/BLESW_CoreStack/Libraries/BLESW_LLS_CM3.a
LOAD ./../Libraries/BLEStack/3rd-party/Alpwise/ALPW-BLESDKCM3/BLESW_CoreStack/Libraries/BLESW_WSS_CM3.a
LOAD ./../Libraries/BLEStack/3rd-party/Alpwise/ALPW-BLESDKCM3/BLESW_CoreStack/Libraries/BLESW_RSCS_CM3.a
LOAD ./../Libraries/BLEStack/3rd-party/Alpwise/ALPW-BLESDKCM3/BLESW_CoreStack/Libraries/BLESW_BAS_CM3.a
LOAD ./../Libraries/BLEStack/3rd-party/Alpwise/ALPW-BLESDKCM3/BLESW_CoreStack/Libraries/BLESW_IAS_CM3.a
LOAD ./../Libraries/BLEStack/3rd-party/Alpwise/ALPW-BLESDKCM3/BLESW_CoreStack/Libraries/BLESW_PASS_CM3.a
LOAD ./../Libraries/BLEStack/3rd-party/Alpwise/ALPW-BLESDKCM3/BLESW_CoreStack/Libraries/BLESW_HTS_CM3.a
LOAD ./../Libraries/BLEStack/3rd-party/Alpwise/ALPW-BLESDKCM3/BLESW_CoreStack/Libraries/BLESW_ALPWDES_CM3.a
LOAD ./../Libraries/BLEStack/3rd-party/Alpwise/ALPW-BLESDKCM3/BLESW_CoreStack/Libraries/BLESW_BCS_CM3.a
LOAD ./../Libraries/BLEStack/3rd-party/Alpwise/ALPW-BLESDKCM3/BLESW_CoreStack/Libraries/BLESW_ANS_CM3.a
LOAD ./../Libraries/BLEStack/3rd-party/Alpwise/ALPW-BLESDKCM3/BLESW_CoreStack/Libraries/BLESW_HIDS_CM3.a
LOAD ./../Libraries/BLEStack/3rd-party/Alpwise/ALPW-BLESDKCM3/BLESW_CoreStack/Libraries/BLESW_GLS_CM3.a
LOAD ./../Libraries/BLEStack/3rd-party/Alpwise/ALPW-BLESDKCM3/BLESW_CoreStack/Libraries/BLESW_NWAS_CM3.a
LOAD ./../Libraries/BLEStack/3rd-party/Alpwise/ALPW-BLESDKCM3/BLESW_CoreStack/Libraries/BLESW_DIS_CM3.a
LOAD ./../Libraries/BLEStack/3rd-party/Alpwise/ALPW-BLESDKCM3/BLESW_CyclingPower/Libraries/BLESW_CPP_Sensor_CM3.a
LOAD ./../Libraries/BLEStack/3rd-party/Alpwise/ALPW-BLESDKCM3/BLESW_CyclingPower/Libraries/BLESW_CPP_Collector_CM3.a
LOAD ./../Libraries/BLEStack/3rd-party/Alpwise/ALPW-BLESDKCM3/BLESW_CyclingSpeedAndCadence/Libraries/BLESW_CSCP_Sensor_CM3.a
LOAD ./../Libraries/BLEStack/3rd-party/Alpwise/ALPW-BLESDKCM3/BLESW_CyclingSpeedAndCadence/Libraries/BLESW_CSCP_Collector_CM3.a
LOAD ./../Libraries/BLEStack/3rd-party/Alpwise/ALPW-BLESDKCM3/BLESW_FindMe/Libraries/BLESW_FMP_Target_CM3.a
LOAD ./../Libraries/BLEStack/3rd-party/Alpwise/ALPW-BLESDKCM3/BLESW_FindMe/Libraries/BLESW_FMP_Locator_CM3.a
LOAD ./../Libraries/BLEStack/3rd-party/Alpwise/ALPW-BLESDKCM3/BLESW_Glucose/Libraries/BLESW_GLP_Sensor_CM3.a
LOAD ./../Libraries/BLEStack/3rd-party/Alpwise/ALPW-BLESDKCM3/BLESW_Glucose/Libraries/BLESW_GLP_Collector_CM3.a
LOAD ./../Libraries/BLEStack/3rd-party/Alpwise/ALPW-BLESDKCM3/BLESW_HealthThermometer/Libraries/BLESW_HTP_Thermometer_CM3.a
LOAD ./../Libraries/BLEStack/3rd-party/Alpwise/ALPW-BLESDKCM3/BLESW_HealthThermometer/Libraries/BLESW_HTP_Collector_CM3.a
LOAD ./../Libraries/BLEStack/3rd-party/Alpwise/ALPW-BLESDKCM3/BLESW_HeartRate/Libraries/BLESW_HRP_Sensor_CM3.a
LOAD ./../Libraries/BLEStack/3rd-party/Alpwise/ALPW-BLESDKCM3/BLESW_HeartRate/Libraries/BLESW_HRP_Collector_CM3.a
LOAD ./../Libraries/BLEStack/3rd-party/Alpwise/ALPW-BLESDKCM3/BLESW_HumanInterfaceDevice/Libraries/BLESW_HID_Device_CM3.a
LOAD ./../Libraries/BLEStack/3rd-party/Alpwise/ALPW-BLESDKCM3/BLESW_HumanInterfaceDevice/Libraries/BLESW_HID_Host_CM3.a
LOAD ./../Libraries/BLEStack/3rd-party/Alpwise/ALPW-BLESDKCM3/BLESW_iBeacon/Libraries/BLESW_IBN_Reporter_CM3.a
LOAD ./../Libraries/BLEStack/3rd-party/Alpwise/ALPW-BLESDKCM3/BLESW_LocationAndNavigation/Libraries/BLESW_LNP_Sensor_CM3.a
LOAD ./../Libraries/BLEStack/3rd-party/Alpwise/ALPW-BLESDKCM3/BLESW_LocationAndNavigation/Libraries/BLESW_LNP_Collector_CM3.a
LOAD ./../Libraries/BLEStack/3rd-party/Alpwise/ALPW-BLESDKCM3/BLESW_NetworkAvailability/Libraries/BLESW_NWAP_Monitor_CM3.a
LOAD ./../Libraries/BLEStack/3rd-party/Alpwise/ALPW-BLESDKCM3/BLESW_NetworkAvailability/Libraries/BLESW_NWAP_Reporter_CM3.a
LOAD ./../Libraries/BLEStack/3rd-party/Alpwise/ALPW-BLESDKCM3/BLESW_PhoneAlertStatus/Libraries/BLESW_PASP_Client_CM3.a
LOAD ./../Libraries/BLEStack/3rd-party/Alpwise/ALPW-BLESDKCM3/BLESW_PhoneAlertStatus/Libraries/BLESW_PASP_Server_CM3.a
LOAD ./../Libraries/BLEStack/3rd-party/Alpwise/ALPW-BLESDKCM3/BLESW_Proximity/Libraries/BLESW_PXP_Reporter_CM3.a
LOAD ./../Libraries/BLEStack/3rd-party/Alpwise/ALPW-BLESDKCM3/BLESW_Proximity/Libraries/BLESW_PXP_Monitor_CM3.a
LOAD ./../Libraries/BLEStack/3rd-party/Alpwise/ALPW-BLESDKCM3/BLESW_RunningSpeedAndCadence/Libraries/BLESW_RSCP_Sensor_CM3.a
LOAD ./../Libraries/BLEStack/3rd-party/Alpwise/ALPW-BLESDKCM3/BLESW_RunningSpeedAndCadence/Libraries/BLESW_RSCP_Collector_CM3.a
LOAD ./../Libraries/BLEStack/3rd-party/Alpwise/ALPW-BLESDKCM3/BLESW_Time/Libraries/BLESW_TIP_Server_CM3.a
LOAD ./../Libraries/BLEStack/3rd-party/Alpwise/ALPW-BLESDKCM3/BLESW_Time/Libraries/BLESW_TIP_Client_CM3.a
LOAD ./../Libraries/EMlib/3rd-party/EMLib/CMSIS/Lib/GCC/libarm_cortexM3l_math.a
LOAD ./../Libraries/BSX/BSX4/Source/algo/algo_bsx/Lib/libalgobsxm3/libalgobsx.a
LOAD ./../Platform/LoRaDrivers/release/libLoRaDrivers_efm32.a
LOAD ./../Platform/ServalPAL/release/libServalPal_efm32.a
LOAD ./../Libraries/Escrypt_CycurTLS/release/libEscrypt_CycurTLS_efm32.a
END GROUP
START GROUP
LOAD c:/xdk-workbench/xdk/armgcc/bin/../lib/gcc/arm-none-eabi/4.7.4/armv7-m\libgcc.a
LOAD c:/xdk-workbench/xdk/armgcc/bin/../lib/gcc/arm-none-eabi/4.7.4/../../../../arm-none-eabi/lib/armv7-m\libc.a
LOAD c:/xdk-workbench/xdk/armgcc/bin/../lib/gcc/arm-none-eabi/4.7.4/../../../../arm-none-eabi/lib/armv7-m\libm.a
END GROUP
START GROUP
LOAD c:/xdk-workbench/xdk/armgcc/bin/../lib/gcc/arm-none-eabi/4.7.4/armv7-m\libgcc.a
LOAD c:/xdk-workbench/xdk/armgcc/bin/../lib/gcc/arm-none-eabi/4.7.4/../../../../arm-none-eabi/lib/armv7-m\libc.a
END GROUP
LOAD c:/xdk-workbench/xdk/armgcc/bin/../lib/gcc/arm-none-eabi/4.7.4/armv7-m/crtend.o
LOAD c:/xdk-workbench/xdk/armgcc/bin/../lib/gcc/arm-none-eabi/4.7.4/armv7-m/crtn.o

.text           0x00010000    0x31cb4
 *(.isr_vector)
 .isr_vector    0x00010000      0x100 C:/Users/FUQ1DON/XDK-Workspace/XDK_MQTTClient/debug/objects/startup_efm32gg.o
                0x00010000                __isr_vector
 *(.text*)
 .text          0x00010100       0x54 c:/xdk-workbench/xdk/armgcc/bin/../lib/gcc/arm-none-eabi/4.7.4/armv7-m/crtbegin.o
 .text          0x00010154       0x70 c:/xdk-workbench/xdk/armgcc/bin/../lib/gcc/arm-none-eabi/4.7.4/../../../../arm-none-eabi/lib/armv7-m/crt0.o
                0x00010154                _start
                0x00010154                start
                0x00010154                _mainCRTStartup
 .text.Assert_Initialize
                0x000101c4       0x40 C:/Users/FUQ1DON/XDK-Workspace/XDK_MQTTClient/debug/objects/source/Assert.o
                0x000101c4                Assert_Initialize
 .text.Assert_Dynamic
                0x00010204       0x2c C:/Users/FUQ1DON/XDK-Workspace/XDK_MQTTClient/debug/objects/source/Assert.o
                0x00010204                Assert_Dynamic
 .text._close   0x00010230       0x18 C:/Users/FUQ1DON/XDK-Workspace/XDK_MQTTClient/debug/objects/source/RetargetStdio.o
                0x00010230                _close
 .text._exit    0x00010248        0xc C:/Users/FUQ1DON/XDK-Workspace/XDK_MQTTClient/debug/objects/source/RetargetStdio.o
                0x00010248                _exit
 .text._fstat   0x00010254       0x24 C:/Users/FUQ1DON/XDK-Workspace/XDK_MQTTClient/debug/objects/source/RetargetStdio.o
                0x00010254                _fstat
 .text._isatty  0x00010278       0x18 C:/Users/FUQ1DON/XDK-Workspace/XDK_MQTTClient/debug/objects/source/RetargetStdio.o
                0x00010278                _isatty
 .text._lseek   0x00010290       0x1c C:/Users/FUQ1DON/XDK-Workspace/XDK_MQTTClient/debug/objects/source/RetargetStdio.o
                0x00010290                _lseek
 .text._read    0x000102ac       0x70 C:/Users/FUQ1DON/XDK-Workspace/XDK_MQTTClient/debug/objects/source/RetargetStdio.o
                0x000102ac                _read
 .text._sbrk    0x0001031c       0xa0 C:/Users/FUQ1DON/XDK-Workspace/XDK_MQTTClient/debug/objects/source/RetargetStdio.o
                0x0001031c                _sbrk
 .text._write   0x000103bc       0x20 C:/Users/FUQ1DON/XDK-Workspace/XDK_MQTTClient/debug/objects/source/RetargetStdio.o
                0x000103bc                _write
 .text.NVIC_SystemReset
                0x000103dc       0x30 C:/Users/FUQ1DON/XDK-Workspace/XDK_MQTTClient/debug/objects/source/UsbResetUtility.o
 .text.UsbResetUtility_SystemReset
                0x0001040c       0x10 C:/Users/FUQ1DON/XDK-Workspace/XDK_MQTTClient/debug/objects/source/UsbResetUtility.o
 .text.UsbResetUtility_InteruptHandling
                0x0001041c       0x54 C:/Users/FUQ1DON/XDK-Workspace/XDK_MQTTClient/debug/objects/source/UsbResetUtility.o
 .text.UsbResetUtility_Init
                0x00010470       0x40 C:/Users/FUQ1DON/XDK-Workspace/XDK_MQTTClient/debug/objects/source/UsbResetUtility.o
                0x00010470                UsbResetUtility_Init
 .text.UsbResetUtility_UsbISRCallback
                0x000104b0      0x138 C:/Users/FUQ1DON/XDK-Workspace/XDK_MQTTClient/debug/objects/source/UsbResetUtility.o
                0x000104b0                UsbResetUtility_UsbISRCallback
 .text.bleGetMacAddress
                0x000105e8       0xec C:/Users/FUQ1DON/XDK-Workspace/XDK_MQTTClient/debug/objects/source/SystemStartup.o
 .text.SysTickPreCallback
                0x000106d4       0x14 C:/Users/FUQ1DON/XDK-Workspace/XDK_MQTTClient/debug/objects/source/SystemStartup.o
 .text.assertIndicationMapping
                0x000106e8       0x44 C:/Users/FUQ1DON/XDK-Workspace/XDK_MQTTClient/debug/objects/source/SystemStartup.o
                0x000106e8                assertIndicationMapping
 .text.systemStartup
                0x0001072c      0x154 C:/Users/FUQ1DON/XDK-Workspace/XDK_MQTTClient/debug/objects/source/SystemStartup.o
                0x0001072c                systemStartup
 .text.vApplicationStackOverflowHook
                0x00010880       0x5c C:/Users/FUQ1DON/XDK-Workspace/XDK_MQTTClient/debug/objects/source/SystemStartup.o
                0x00010880                vApplicationStackOverflowHook
 .text.vApplicationMallocFailedHook
                0x000108dc       0x14 C:/Users/FUQ1DON/XDK-Workspace/XDK_MQTTClient/debug/objects/source/SystemStartup.o
                0x000108dc                vApplicationMallocFailedHook
 .text.INT_Disable
                0x000108f0       0x40 C:/Users/FUQ1DON/XDK-Workspace/XDK_MQTTClient/debug/objects/./../Libraries/EMlib/3rd-party/EMLib/usb/src/em_usbdint.o
 .text.INT_Enable
                0x00010930       0x54 C:/Users/FUQ1DON/XDK-Workspace/XDK_MQTTClient/debug/objects/./../Libraries/EMlib/3rd-party/EMLib/usb/src/em_usbdint.o
 .text.USBHAL_FlushTxFifo
                0x00010984       0x4c C:/Users/FUQ1DON/XDK-Workspace/XDK_MQTTClient/debug/objects/./../Libraries/EMlib/3rd-party/EMLib/usb/src/em_usbdint.o
 .text.USBHAL_GetCoreInts
                0x000109d0       0x40 C:/Users/FUQ1DON/XDK-Workspace/XDK_MQTTClient/debug/objects/./../Libraries/EMlib/3rd-party/EMLib/usb/src/em_usbdint.o
 .text.USBDHAL_EnableInts
                0x00010a10       0x70 C:/Users/FUQ1DON/XDK-Workspace/XDK_MQTTClient/debug/objects/./../Libraries/EMlib/3rd-party/EMLib/usb/src/em_usbdint.o
 .text.USBDHAL_Ep0Activate
                0x00010a80       0x70 C:/Users/FUQ1DON/XDK-Workspace/XDK_MQTTClient/debug/objects/./../Libraries/EMlib/3rd-party/EMLib/usb/src/em_usbdint.o
 .text.USBDHAL_GetAllInEpInts
                0x00010af0       0x48 C:/Users/FUQ1DON/XDK-Workspace/XDK_MQTTClient/debug/objects/./../Libraries/EMlib/3rd-party/EMLib/usb/src/em_usbdint.o
 .text.USBDHAL_GetAllOutEpInts
                0x00010b38       0x44 C:/Users/FUQ1DON/XDK-Workspace/XDK_MQTTClient/debug/objects/./../Libraries/EMlib/3rd-party/EMLib/usb/src/em_usbdint.o
 .text.USBDHAL_GetInEpInts
                0x00010b7c       0x44 C:/Users/FUQ1DON/XDK-Workspace/XDK_MQTTClient/debug/objects/./../Libraries/EMlib/3rd-party/EMLib/usb/src/em_usbdint.o
 .text.USBDHAL_GetOutEpInts
                0x00010bc0       0x44 C:/Users/FUQ1DON/XDK-Workspace/XDK_MQTTClient/debug/objects/./../Libraries/EMlib/3rd-party/EMLib/usb/src/em_usbdint.o
 .text.USBDHAL_StartEp0Setup
                0x00010c04       0x88 C:/Users/FUQ1DON/XDK-Workspace/XDK_MQTTClient/debug/objects/./../Libraries/EMlib/3rd-party/EMLib/usb/src/em_usbdint.o
 .text.USBD_GetEpFromAddr
                0x00010c8c       0xa0 C:/Users/FUQ1DON/XDK-Workspace/XDK_MQTTClient/debug/objects/./../Libraries/EMlib/3rd-party/EMLib/usb/src/em_usbdint.o
 .text.USB_IRQHandler
                0x00010d2c      0x16c C:/Users/FUQ1DON/XDK-Workspace/XDK_MQTTClient/debug/objects/./../Libraries/EMlib/3rd-party/EMLib/usb/src/em_usbdint.o
                0x00010d2c                USB_IRQHandler
 .text.Handle_USB_GINTSTS_ENUMDONE
                0x00010e98       0x3c C:/Users/FUQ1DON/XDK-Workspace/XDK_MQTTClient/debug/objects/./../Libraries/EMlib/3rd-party/EMLib/usb/src/em_usbdint.o
 .text.Handle_USB_GINTSTS_IEPINT
                0x00010ed4      0x118 C:/Users/FUQ1DON/XDK-Workspace/XDK_MQTTClient/debug/objects/./../Libraries/EMlib/3rd-party/EMLib/usb/src/em_usbdint.o
 .text.Handle_USB_GINTSTS_OEPINT
                0x00010fec      0x230 C:/Users/FUQ1DON/XDK-Workspace/XDK_MQTTClient/debug/objects/./../Libraries/EMlib/3rd-party/EMLib/usb/src/em_usbdint.o
 .text.Handle_USB_GINTSTS_RESETDET
                0x0001121c       0x40 C:/Users/FUQ1DON/XDK-Workspace/XDK_MQTTClient/debug/objects/./../Libraries/EMlib/3rd-party/EMLib/usb/src/em_usbdint.o
 .text.Handle_USB_GINTSTS_SOF
                0x0001125c       0x64 C:/Users/FUQ1DON/XDK-Workspace/XDK_MQTTClient/debug/objects/./../Libraries/EMlib/3rd-party/EMLib/usb/src/em_usbdint.o
 .text.Handle_USB_GINTSTS_USBRST
                0x000112c0      0x150 C:/Users/FUQ1DON/XDK-Workspace/XDK_MQTTClient/debug/objects/./../Libraries/EMlib/3rd-party/EMLib/usb/src/em_usbdint.o
 .text.Handle_USB_GINTSTS_USBSUSP
                0x00011410       0x68 C:/Users/FUQ1DON/XDK-Workspace/XDK_MQTTClient/debug/objects/./../Libraries/EMlib/3rd-party/EMLib/usb/src/em_usbdint.o
 .text.Handle_USB_GINTSTS_WKUPINT
                0x00011478       0x30 C:/Users/FUQ1DON/XDK-Workspace/XDK_MQTTClient/debug/objects/./../Libraries/EMlib/3rd-party/EMLib/usb/src/em_usbdint.o
 .text.Retcode_GetPackage
                0x000114a8       0x1c C:/Users/FUQ1DON/XDK-Workspace/XDK_MQTTClient/debug/objects/Main.o
 .text.Retcode_GetModuleId
                0x000114c4       0x1c C:/Users/FUQ1DON/XDK-Workspace/XDK_MQTTClient/debug/objects/Main.o
 .text.Retcode_GetSeverity
                0x000114e0       0x24 C:/Users/FUQ1DON/XDK-Workspace/XDK_MQTTClient/debug/objects/Main.o
 .text.Retcode_GetCode
                0x00011504       0x20 C:/Users/FUQ1DON/XDK-Workspace/XDK_MQTTClient/debug/objects/Main.o
 .text.ErrorHandlingFunc
                0x00011524       0x6c C:/Users/FUQ1DON/XDK-Workspace/XDK_MQTTClient/debug/objects/Main.o
                0x00011524                ErrorHandlingFunc
 .text.main     0x00011590       0xa8 C:/Users/FUQ1DON/XDK-Workspace/XDK_MQTTClient/debug/objects/Main.o
                0x00011590                main
 .text.StringDescr_wrap
                0x00011638       0x54 C:/Users/FUQ1DON/XDK-Workspace/XDK_MQTTClient/debug/objects/XDK_MQTTClient.o
 .text.ServalPalSetup
                0x0001168c       0x7c C:/Users/FUQ1DON/XDK-Workspace/XDK_MQTTClient/debug/objects/XDK_MQTTClient.o
 .text.NetworkSetup
                0x00011708      0x118 C:/Users/FUQ1DON/XDK-Workspace/XDK_MQTTClient/debug/objects/XDK_MQTTClient.o
 .text.PublishSensorData
                0x00011820      0x398 C:/Users/FUQ1DON/XDK-Workspace/XDK_MQTTClient/debug/objects/XDK_MQTTClient.o
 .text.EnqueueMessagePublish
                0x00011bb8       0x58 C:/Users/FUQ1DON/XDK-Workspace/XDK_MQTTClient/debug/objects/XDK_MQTTClient.o
 .text.CreateAndStartPublishingTimer
                0x00011c10       0xa8 C:/Users/FUQ1DON/XDK-Workspace/XDK_MQTTClient/debug/objects/XDK_MQTTClient.o
 .text.HandleEventConnection
                0x00011cb8       0x30 C:/Users/FUQ1DON/XDK-Workspace/XDK_MQTTClient/debug/objects/XDK_MQTTClient.o
 .text.HandleEventIncomingPublish
                0x00011ce8       0x74 C:/Users/FUQ1DON/XDK-Workspace/XDK_MQTTClient/debug/objects/XDK_MQTTClient.o
 .text.HandleEventSuccessfulPublish
                0x00011d5c       0x24 C:/Users/FUQ1DON/XDK-Workspace/XDK_MQTTClient/debug/objects/XDK_MQTTClient.o
 .text.EventHandler
                0x00011d80      0x108 C:/Users/FUQ1DON/XDK-Workspace/XDK_MQTTClient/debug/objects/XDK_MQTTClient.o
 .text.StartClient
                0x00011e88       0x4c C:/Users/FUQ1DON/XDK-Workspace/XDK_MQTTClient/debug/objects/XDK_MQTTClient.o
 .text.ConfigureSession
                0x00011ed4      0x248 C:/Users/FUQ1DON/XDK-Workspace/XDK_MQTTClient/debug/objects/XDK_MQTTClient.o
 .text.InitializeClient
                0x0001211c       0x98 C:/Users/FUQ1DON/XDK-Workspace/XDK_MQTTClient/debug/objects/XDK_MQTTClient.o
 .text.AppInitSystem
                0x000121b4       0x60 C:/Users/FUQ1DON/XDK-Workspace/XDK_MQTTClient/debug/objects/XDK_MQTTClient.o
                0x000121b4                AppInitSystem
 .text.InitEnvironmentalSensor
                0x00012214       0x38 C:/Users/FUQ1DON/XDK-Workspace/XDK_MQTTClient/debug/objects/Sensormodules.o
                0x00012214                InitEnvironmentalSensor
 .text.InitAcceleromterSensor
                0x0001224c       0x8c C:/Users/FUQ1DON/XDK-Workspace/XDK_MQTTClient/debug/objects/Sensormodules.o
                0x0001224c                InitAcceleromterSensor
 .text.InitGyroscopeSensor
                0x000122d8       0x8c C:/Users/FUQ1DON/XDK-Workspace/XDK_MQTTClient/debug/objects/Sensormodules.o
                0x000122d8                InitGyroscopeSensor
 .text.InitLightSensor
                0x00012364       0x54 C:/Users/FUQ1DON/XDK-Workspace/XDK_MQTTClient/debug/objects/Sensormodules.o
                0x00012364                InitLightSensor
 .text.ReadEnvironmentSensor
                0x000123b8       0x60 C:/Users/FUQ1DON/XDK-Workspace/XDK_MQTTClient/debug/objects/Sensormodules.o
                0x000123b8                ReadEnvironmentSensor
 .text.ReadAccelerometerSensor
                0x00012418       0x60 C:/Users/FUQ1DON/XDK-Workspace/XDK_MQTTClient/debug/objects/Sensormodules.o
                0x00012418                ReadAccelerometerSensor
 .text.ReadLightSensor
                0x00012478       0x3c C:/Users/FUQ1DON/XDK-Workspace/XDK_MQTTClient/debug/objects/Sensormodules.o
                0x00012478                ReadLightSensor
 .text          0x000124b4       0x98 C:/Users/FUQ1DON/XDK-Workspace/XDK_MQTTClient/debug/objects/startup_efm32gg.o
                0x000124b4                Reset_Handler
                0x000124e8                Default_Handler
                0x000124ea                NMI_Handler
                0x000124ec                HardFault_Handler
                0x000124ee                MemManage_Handler
                0x000124f0                BusFault_Handler
                0x000124f2                UsageFault_Handler
                0x000124f6                DebugMon_Handler
                0x00012500                TIMER0_IRQHandler
                0x00012506                ACMP0_IRQHandler
                0x0001250a                ADC0_IRQHandler
                0x0001250c                DAC0_IRQHandler
                0x00012514                TIMER1_IRQHandler
                0x00012516                TIMER2_IRQHandler
                0x00012518                TIMER3_IRQHandler
                0x0001251e                LESENSE_IRQHandler
                0x0001252c                LEUART0_IRQHandler
                0x0001252e                LEUART1_IRQHandler
                0x00012530                LETIMER0_IRQHandler
                0x00012532                PCNT0_IRQHandler
                0x00012534                PCNT1_IRQHandler
                0x00012536                PCNT2_IRQHandler
                0x0001253a                BURTC_IRQHandler
                0x0001253c                CMU_IRQHandler
                0x0001253e                VCMP_IRQHandler
                0x00012540                LCD_IRQHandler
                0x00012542                MSC_IRQHandler
                0x00012544                AES_IRQHandler
                0x00012546                EBI_IRQHandler
                0x00012548                EMU_IRQHandler
 .text.Retcode_GetPackage
                0x0001254c       0x1c ./../Platform/Sensors/debug/libSensors_efm32_debug.a(Accelerometer.o)
 .text.Retcode_GetCode
                0x00012568       0x20 ./../Platform/Sensors/debug/libSensors_efm32_debug.a(Accelerometer.o)
 .text.bmaIsrCallback
                0x00012588       0xe0 ./../Platform/Sensors/debug/libSensors_efm32_debug.a(Accelerometer.o)
 .text.bma2x2LibErrorMapping
                0x00012668       0x48 ./../Platform/Sensors/debug/libSensors_efm32_debug.a(Accelerometer.o)
 .text.bmi160LibErrorMapping
                0x000126b0       0x48 ./../Platform/Sensors/debug/libSensors_efm32_debug.a(Accelerometer.o)
 .text.Accelerometer_init
                0x000126f8      0x10c ./../Platform/Sensors/debug/libSensors_efm32_debug.a(Accelerometer.o)
                0x000126f8                Accelerometer_init
 .text.Accelerometer_setBandwidth
                0x00012804      0x144 ./../Platform/Sensors/debug/libSensors_efm32_debug.a(Accelerometer.o)
                0x00012804                Accelerometer_setBandwidth
 .text.Accelerometer_setRange
                0x00012948      0x138 ./../Platform/Sensors/debug/libSensors_efm32_debug.a(Accelerometer.o)
                0x00012948                Accelerometer_setRange
 .text.Accelerometer_setMode
                0x00012a80      0x10c ./../Platform/Sensors/debug/libSensors_efm32_debug.a(Accelerometer.o)
                0x00012a80                Accelerometer_setMode
 .text.Accelerometer_readXyzGValue
                0x00012b8c      0x398 ./../Platform/Sensors/debug/libSensors_efm32_debug.a(Accelerometer.o)
                0x00012b8c                Accelerometer_readXyzGValue
 .text.Retcode_GetPackage
                0x00012f24       0x1c ./../Platform/Sensors/debug/libSensors_efm32_debug.a(Environmental.o)
 .text.bme280LibErrorMapping
                0x00012f40       0x48 ./../Platform/Sensors/debug/libSensors_efm32_debug.a(Environmental.o)
 .text.Environmental_init
                0x00012f88       0x9c ./../Platform/Sensors/debug/libSensors_efm32_debug.a(Environmental.o)
                0x00012f88                Environmental_init
 .text.Environmental_readData
                0x00013024       0xd0 ./../Platform/Sensors/debug/libSensors_efm32_debug.a(Environmental.o)
                0x00013024                Environmental_readData
 .text.Environmental_compensateData
                0x000130f4      0x104 ./../Platform/Sensors/debug/libSensors_efm32_debug.a(Environmental.o)
                0x000130f4                Environmental_compensateData
 .text.Environmental_readCompensatedData
                0x000131f8       0x4c ./../Platform/Sensors/debug/libSensors_efm32_debug.a(Environmental.o)
                0x000131f8                Environmental_readCompensatedData
 .text.ComputeAmbientTemperature
                0x00013244       0x28 ./../Platform/Sensors/debug/libSensors_efm32_debug.a(EnvironmentalUtils.o)
                0x00013244                ComputeAmbientTemperature
 .text.ComputeAmbientHumidity
                0x0001326c       0x4c ./../Platform/Sensors/debug/libSensors_efm32_debug.a(EnvironmentalUtils.o)
                0x0001326c                ComputeAmbientHumidity
 .text.ComputeCompensationFactorTetens
                0x000132b8      0x10c ./../Platform/Sensors/debug/libSensors_efm32_debug.a(EnvironmentalUtils.o)
 .text.Retcode_GetPackage
                0x000133c4       0x1c ./../Platform/Sensors/debug/libSensors_efm32_debug.a(Gyroscope.o)
 .text.Retcode_GetCode
                0x000133e0       0x20 ./../Platform/Sensors/debug/libSensors_efm32_debug.a(Gyroscope.o)
 .text.bmgIsrCallback
                0x00013400       0x14 ./../Platform/Sensors/debug/libSensors_efm32_debug.a(Gyroscope.o)
 .text.bmg160LibErrorMapping
                0x00013414       0x48 ./../Platform/Sensors/debug/libSensors_efm32_debug.a(Gyroscope.o)
 .text.BMI160_libErrorMapping
                0x0001345c       0x48 ./../Platform/Sensors/debug/libSensors_efm32_debug.a(Gyroscope.o)
 .text.Gyroscope_init
                0x000134a4      0x100 ./../Platform/Sensors/debug/libSensors_efm32_debug.a(Gyroscope.o)
                0x000134a4                Gyroscope_init
 .text.Gyroscope_setBandwidth
                0x000135a4      0x12c ./../Platform/Sensors/debug/libSensors_efm32_debug.a(Gyroscope.o)
                0x000135a4                Gyroscope_setBandwidth
 .text.Gyroscope_setRange
                0x000136d0      0x13c ./../Platform/Sensors/debug/libSensors_efm32_debug.a(Gyroscope.o)
                0x000136d0                Gyroscope_setRange
 .text.Gyroscope_setMode
                0x0001380c      0x10c ./../Platform/Sensors/debug/libSensors_efm32_debug.a(Gyroscope.o)
                0x0001380c                Gyroscope_setMode
 .text.Retcode_GetPackage
                0x00013918       0x1c ./../Platform/Sensors/debug/libSensors_efm32_debug.a(LightSensor.o)
 .text.maxIsrCallback
                0x00013934       0xbc ./../Platform/Sensors/debug/libSensors_efm32_debug.a(LightSensor.o)
 .text.LightSensor_init
                0x000139f0       0xb8 ./../Platform/Sensors/debug/libSensors_efm32_debug.a(LightSensor.o)
                0x000139f0                LightSensor_init
 .text.LightSensor_setContinuousMode
                0x00013aa8       0xa4 ./../Platform/Sensors/debug/libSensors_efm32_debug.a(LightSensor.o)
                0x00013aa8                LightSensor_setContinuousMode
 .text.LightSensor_readLuxData
                0x00013b4c       0xac ./../Platform/Sensors/debug/libSensors_efm32_debug.a(LightSensor.o)
                0x00013b4c                LightSensor_readLuxData
 .text.GPIO_PinOutClear
                0x00013bf8       0x4c ./../Platform/BSP/debug/libBSP_efm32_debug.a(BSP_LED.o)
 .text.GPIO_PinOutSet
                0x00013c44       0x4c ./../Platform/BSP/debug/libBSP_efm32_debug.a(BSP_LED.o)
 .text.GPIO_PinOutToggle
                0x00013c90       0x4c ./../Platform/BSP/debug/libBSP_efm32_debug.a(BSP_LED.o)
 .text.BSP_LED_Connect
                0x00013cdc       0x48 ./../Platform/BSP/debug/libBSP_efm32_debug.a(BSP_LED.o)
                0x00013cdc                BSP_LED_Connect
 .text.BSP_LED_EnableAll
                0x00013d24       0x3c ./../Platform/BSP/debug/libBSP_efm32_debug.a(BSP_LED.o)
                0x00013d24                BSP_LED_EnableAll
 .text.BSP_LED_Switch
                0x00013d60      0x15c ./../Platform/BSP/debug/libBSP_efm32_debug.a(BSP_LED.o)
                0x00013d60                BSP_LED_Switch
 .text.BSP_LED_SwitchAll
                0x00013ebc       0xd0 ./../Platform/BSP/debug/libBSP_efm32_debug.a(BSP_LED.o)
                0x00013ebc                BSP_LED_SwitchAll
 .text.USB_setSerialNumber
                0x00013f8c       0x7c ./../Platform/BSP/debug/libBSP_efm32_debug.a(BSP_USB.o)
 .text.USB_dataReceivedCallback
                0x00014008       0x98 ./../Platform/BSP/debug/libBSP_efm32_debug.a(BSP_USB.o)
 .text.USB_dataTransferred
                0x000140a0       0x4c ./../Platform/BSP/debug/libBSP_efm32_debug.a(BSP_USB.o)
 .text.USB_stateChange
                0x000140ec       0x58 ./../Platform/BSP/debug/libBSP_efm32_debug.a(BSP_USB.o)
                0x000140ec                USB_stateChange
 .text.USB_setupCommand
                0x00014144      0x108 ./../Platform/BSP/debug/libBSP_efm32_debug.a(BSP_USB.o)
                0x00014144                USB_setupCommand
 .text.USB_init
                0x0001424c       0xd0 ./../Platform/BSP/debug/libBSP_efm32_debug.a(BSP_USB.o)
                0x0001424c                USB_init
 .text.USB_receiveByte
                0x0001431c       0xa0 ./../Platform/BSP/debug/libBSP_efm32_debug.a(BSP_USB.o)
                0x0001431c                USB_receiveByte
 .text.RETARGET_WriteChar
                0x000143bc       0x2c ./../Platform/BSP/debug/libBSP_efm32_debug.a(BSP_USB.o)
                0x000143bc                RETARGET_WriteChar
 .text.USB_transmitData
                0x000143e8       0xc4 ./../Platform/BSP/debug/libBSP_efm32_debug.a(BSP_USB.o)
                0x000143e8                USB_transmitData
 .text.RETARGET_ReadChar
                0x000144ac       0x24 ./../Platform/BSP/debug/libBSP_efm32_debug.a(BSP_USB.o)
                0x000144ac                RETARGET_ReadChar
 .text.USB_callBackMapping
                0x000144d0       0x38 ./../Platform/BSP/debug/libBSP_efm32_debug.a(BSP_USB.o)
                0x000144d0                USB_callBackMapping
 .text.NVIC_SetPriorityGrouping
                0x00014508       0x50 ./../Platform/BSP/debug/libBSP_efm32_debug.a(BSP_Board.o)
 .text.NVIC_EnableIRQ
                0x00014558       0x38 ./../Platform/BSP/debug/libBSP_efm32_debug.a(BSP_Board.o)
 .text.NVIC_DisableIRQ
                0x00014590       0x3c ./../Platform/BSP/debug/libBSP_efm32_debug.a(BSP_Board.o)
 .text.NVIC_ClearPendingIRQ
                0x000145cc       0x3c ./../Platform/BSP/debug/libBSP_efm32_debug.a(BSP_Board.o)
 .text.NVIC_SetPriority
                0x00014608       0x5c ./../Platform/BSP/debug/libBSP_efm32_debug.a(BSP_Board.o)
 .text.SysTick_Config
                0x00014664       0x64 ./../Platform/BSP/debug/libBSP_efm32_debug.a(BSP_Board.o)
 .text.CHIP_Init
                0x000146c8       0x50 ./../Platform/BSP/debug/libBSP_efm32_debug.a(BSP_Board.o)
 .text.GPIO_PinOutClear
                0x00014718       0x4c ./../Platform/BSP/debug/libBSP_efm32_debug.a(BSP_Board.o)
 .text.GPIO_PinOutSet
                0x00014764       0x4c ./../Platform/BSP/debug/libBSP_efm32_debug.a(BSP_Board.o)
 .text.INT_Disable
                0x000147b0       0x40 ./../Platform/BSP/debug/libBSP_efm32_debug.a(BSP_Board.o)
 .text.INT_Enable
                0x000147f0       0x54 ./../Platform/BSP/debug/libBSP_efm32_debug.a(BSP_Board.o)
 .text.BSP_Board_OSTickInitialize
                0x00014844       0x2c ./../Platform/BSP/debug/libBSP_efm32_debug.a(BSP_Board.o)
                0x00014844                BSP_Board_OSTickInitialize
 .text.BSP_Board_Initialize
                0x00014870      0x150 ./../Platform/BSP/debug/libBSP_efm32_debug.a(BSP_Board.o)
                0x00014870                BSP_Board_Initialize
 .text.BSP_Board_Delay
                0x000149c0       0x30 ./../Platform/BSP/debug/libBSP_efm32_debug.a(BSP_Board.o)
                0x000149c0                BSP_Board_Delay
 .text.BSP_Board_SetOStoBSPDelayFunc
                0x000149f0       0x20 ./../Platform/BSP/debug/libBSP_efm32_debug.a(BSP_Board.o)
                0x000149f0                BSP_Board_SetOStoBSPDelayFunc
 .text.Board_GPIOInterruptInit
                0x00014a10       0x30 ./../Platform/BSP/debug/libBSP_efm32_debug.a(BSP_Board.o)
                0x00014a10                Board_GPIOInterruptInit
 .text.Board_GPIOInterruptGetCallback
                0x00014a40       0x24 ./../Platform/BSP/debug/libBSP_efm32_debug.a(BSP_Board.o)
                0x00014a40                Board_GPIOInterruptGetCallback
 .text.Board_GPIOInterruptRegisterCallback
                0x00014a64       0x38 ./../Platform/BSP/debug/libBSP_efm32_debug.a(BSP_Board.o)
                0x00014a64                Board_GPIOInterruptRegisterCallback
 .text.Board_GPIOInterruptDispatch
                0x00014a9c       0x64 ./../Platform/BSP/debug/libBSP_efm32_debug.a(BSP_Board.o)
                0x00014a9c                Board_GPIOInterruptDispatch
 .text.Board_UART0_UART_Init
                0x00014b00       0xcc ./../Platform/BSP/debug/libBSP_efm32_debug.a(BSP_Board.o)
                0x00014b00                Board_UART0_UART_Init
 .text.Board_UART1_UART_Init
                0x00014bcc       0xcc ./../Platform/BSP/debug/libBSP_efm32_debug.a(BSP_Board.o)
                0x00014bcc                Board_UART1_UART_Init
 .text.Board_USART0_SPI_Init
                0x00014c98       0xa8 ./../Platform/BSP/debug/libBSP_efm32_debug.a(BSP_Board.o)
                0x00014c98                Board_USART0_SPI_Init
 .text.Board_USART1_SPI_Init
                0x00014d40       0x8c ./../Platform/BSP/debug/libBSP_efm32_debug.a(BSP_Board.o)
                0x00014d40                Board_USART1_SPI_Init
 .text.Board_GPIO_Init
                0x00014dcc       0x6c ./../Platform/BSP/debug/libBSP_efm32_debug.a(BSP_Board.o)
                0x00014dcc                Board_GPIO_Init
 .text.Board_WakeupPowerSupply2V5
                0x00014e38       0x50 ./../Platform/BSP/debug/libBSP_efm32_debug.a(BSP_Board.o)
                0x00014e38                Board_WakeupPowerSupply2V5
 .text.Board_SnoozePowerSupply2V5
                0x00014e88       0x4c ./../Platform/BSP/debug/libBSP_efm32_debug.a(BSP_Board.o)
                0x00014e88                Board_SnoozePowerSupply2V5
 .text.PowerSupply2V5UpdateRegister
                0x00014ed4      0x268 ./../Platform/BSP/debug/libBSP_efm32_debug.a(BSP_Board.o)
                0x00014ed4                PowerSupply2V5UpdateRegister
 .text.Board_ADC_Init
                0x0001513c       0x78 ./../Platform/BSP/debug/libBSP_efm32_debug.a(BSP_Board.o)
                0x0001513c                Board_ADC_Init
 .text.Board_I2C0_Init
                0x000151b4       0x54 ./../Platform/BSP/debug/libBSP_efm32_debug.a(BSP_Board.o)
                0x000151b4                Board_I2C0_Init
 .text.Board_I2C1_Init
                0x00015208       0x54 ./../Platform/BSP/debug/libBSP_efm32_debug.a(BSP_Board.o)
                0x00015208                Board_I2C1_Init
 .text.Board_USB_Init
                0x0001525c       0x70 ./../Platform/BSP/debug/libBSP_efm32_debug.a(BSP_Board.o)
                0x0001525c                Board_USB_Init
 .text.Board_IncTick
                0x000152cc       0x24 ./../Platform/BSP/debug/libBSP_efm32_debug.a(BSP_Board.o)
                0x000152cc                Board_IncTick
 .text.Board_GetTick
                0x000152f0       0x18 ./../Platform/BSP/debug/libBSP_efm32_debug.a(BSP_Board.o)
                0x000152f0                Board_GetTick
 .text.Board_Delay
                0x00015308       0x30 ./../Platform/BSP/debug/libBSP_efm32_debug.a(BSP_Board.o)
                0x00015308                Board_Delay
 .text.Board_RTC_Init
                0x00015338       0xa0 ./../Platform/BSP/debug/libBSP_efm32_debug.a(BSP_Board.o)
                0x00015338                Board_RTC_Init
 .text.Board_BURTC_Init
                0x000153d8       0x28 ./../Platform/BSP/debug/libBSP_efm32_debug.a(BSP_Board.o)
                0x000153d8                Board_BURTC_Init
 .text.BSP_Board_EnableSysTick
                0x00015400       0x38 ./../Platform/BSP/debug/libBSP_efm32_debug.a(BSP_Board.o)
                0x00015400                BSP_Board_EnableSysTick
 .text.NVIC_EnableIRQ
                0x00015438       0x38 ./../Platform/BSP/debug/libBSP_efm32_debug.a(BSP_DMA.o)
 .text.NVIC_ClearPendingIRQ
                0x00015470       0x3c ./../Platform/BSP/debug/libBSP_efm32_debug.a(BSP_DMA.o)
 .text.NVIC_SetPriority
                0x000154ac       0x5c ./../Platform/BSP/debug/libBSP_efm32_debug.a(BSP_DMA.o)
 .text.BSP_DMA_Initialize
                0x00015508       0x88 ./../Platform/BSP/debug/libBSP_efm32_debug.a(BSP_DMA.o)
                0x00015508                BSP_DMA_Initialize
 .text.BSP_DMA_Enable
                0x00015590       0x54 ./../Platform/BSP/debug/libBSP_efm32_debug.a(BSP_DMA.o)
                0x00015590                BSP_DMA_Enable
 .text.GPIO_IntClear
                0x000155e4       0x20 ./../Platform/BSP/debug/libBSP_efm32_debug.a(BSP_IrqHandler.o)
 .text.GPIO_IntGetEnabled
                0x00015604       0x30 ./../Platform/BSP/debug/libBSP_efm32_debug.a(BSP_IrqHandler.o)
 .text.SysTick_Handler
                0x00015634       0x40 ./../Platform/BSP/debug/libBSP_efm32_debug.a(BSP_IrqHandler.o)
                0x00015634                SysTick_Handler
 .text.GPIO_EVEN_IRQHandler
                0x00015674       0x28 ./../Platform/BSP/debug/libBSP_efm32_debug.a(BSP_IrqHandler.o)
                0x00015674                GPIO_EVEN_IRQHandler
 .text.GPIO_ODD_IRQHandler
                0x0001569c       0x28 ./../Platform/BSP/debug/libBSP_efm32_debug.a(BSP_IrqHandler.o)
                0x0001569c                GPIO_ODD_IRQHandler
 .text.UART0_TX_IRQHandler
                0x000156c4        0xc ./../Platform/BSP/debug/libBSP_efm32_debug.a(BSP_IrqHandler.o)
                0x000156c4                UART0_TX_IRQHandler
 .text.UART0_RX_IRQHandler
                0x000156d0        0xc ./../Platform/BSP/debug/libBSP_efm32_debug.a(BSP_IrqHandler.o)
                0x000156d0                UART0_RX_IRQHandler
 .text.USART0_TX_IRQHandler
                0x000156dc        0xc ./../Platform/BSP/debug/libBSP_efm32_debug.a(BSP_IrqHandler.o)
                0x000156dc                USART0_TX_IRQHandler
 .text.USART0_RX_IRQHandler
                0x000156e8        0xc ./../Platform/BSP/debug/libBSP_efm32_debug.a(BSP_IrqHandler.o)
                0x000156e8                USART0_RX_IRQHandler
 .text.I2C0_IRQHandler
                0x000156f4        0xc ./../Platform/BSP/debug/libBSP_efm32_debug.a(BSP_IrqHandler.o)
                0x000156f4                I2C0_IRQHandler
 .text.I2C1_IRQHandler
                0x00015700        0xc ./../Platform/BSP/debug/libBSP_efm32_debug.a(BSP_IrqHandler.o)
                0x00015700                I2C1_IRQHandler
 .text.USART2_TX_IRQHandler
                0x0001570c        0xc ./../Platform/BSP/debug/libBSP_efm32_debug.a(BSP_IrqHandler.o)
                0x0001570c                USART2_TX_IRQHandler
 .text.USART2_RX_IRQHandler
                0x00015718        0xc ./../Platform/BSP/debug/libBSP_efm32_debug.a(BSP_IrqHandler.o)
                0x00015718                USART2_RX_IRQHandler
 .text.UART1_TX_IRQHandler
                0x00015724        0xc ./../Platform/BSP/debug/libBSP_efm32_debug.a(BSP_IrqHandler.o)
                0x00015724                UART1_TX_IRQHandler
 .text.UART1_RX_IRQHandler
                0x00015730        0xc ./../Platform/BSP/debug/libBSP_efm32_debug.a(BSP_IrqHandler.o)
                0x00015730                UART1_RX_IRQHandler
 .text.USART1_TX_IRQHandler
                0x0001573c        0xc ./../Platform/BSP/debug/libBSP_efm32_debug.a(BSP_IrqHandler.o)
                0x0001573c                USART1_TX_IRQHandler
 .text.USART1_RX_IRQHandler
                0x00015748        0xc ./../Platform/BSP/debug/libBSP_efm32_debug.a(BSP_IrqHandler.o)
                0x00015748                USART1_RX_IRQHandler
 .text.RTC_IRQHandler
                0x00015754        0xc ./../Platform/BSP/debug/libBSP_efm32_debug.a(BSP_IrqHandler.o)
                0x00015754                RTC_IRQHandler
 .text.IrqHandler_SysTickDummyHandler
                0x00015760       0x10 ./../Platform/BSP/debug/libBSP_efm32_debug.a(BSP_IrqHandler.o)
                0x00015760                IrqHandler_SysTickDummyHandler
 .text.BSP_ExtensionPort_I2cIsr
                0x00015770       0x5c ./../Platform/BSP/debug/libBSP_efm32_debug.a(BSP_ExtensionPort.o)
                0x00015770                BSP_ExtensionPort_I2cIsr
 .text.BSP_ExtensionPort_SpiRxIsr
                0x000157cc       0x5c ./../Platform/BSP/debug/libBSP_efm32_debug.a(BSP_ExtensionPort.o)
                0x000157cc                BSP_ExtensionPort_SpiRxIsr
 .text.BSP_ExtensionPort_SpiTxIsr
                0x00015828       0x5c ./../Platform/BSP/debug/libBSP_efm32_debug.a(BSP_ExtensionPort.o)
                0x00015828                BSP_ExtensionPort_SpiTxIsr
 .text.BSP_ExtensionPort_UARTRxIsr
                0x00015884       0x5c ./../Platform/BSP/debug/libBSP_efm32_debug.a(BSP_ExtensionPort.o)
                0x00015884                BSP_ExtensionPort_UARTRxIsr
 .text.BSP_ExtensionPort_UARTTxIsr
                0x000158e0       0x5c ./../Platform/BSP/debug/libBSP_efm32_debug.a(BSP_ExtensionPort.o)
                0x000158e0                BSP_ExtensionPort_UARTTxIsr
 .text.NVIC_EnableIRQ
                0x0001593c       0x38 ./../Platform/BSP/debug/libBSP_efm32_debug.a(BSP_WiFi_cc3100mod.o)
 .text.NVIC_DisableIRQ
                0x00015974       0x3c ./../Platform/BSP/debug/libBSP_efm32_debug.a(BSP_WiFi_cc3100mod.o)
 .text.NVIC_ClearPendingIRQ
                0x000159b0       0x3c ./../Platform/BSP/debug/libBSP_efm32_debug.a(BSP_WiFi_cc3100mod.o)
 .text.NVIC_SetPriority
                0x000159ec       0x5c ./../Platform/BSP/debug/libBSP_efm32_debug.a(BSP_WiFi_cc3100mod.o)
 .text.GPIO_IntClear
                0x00015a48       0x20 ./../Platform/BSP/debug/libBSP_efm32_debug.a(BSP_WiFi_cc3100mod.o)
 .text.GPIO_IntDisable
                0x00015a68       0x34 ./../Platform/BSP/debug/libBSP_efm32_debug.a(BSP_WiFi_cc3100mod.o)
 .text.GPIO_IntEnable
                0x00015a9c       0x30 ./../Platform/BSP/debug/libBSP_efm32_debug.a(BSP_WiFi_cc3100mod.o)
 .text.GPIO_PinOutClear
                0x00015acc       0x4c ./../Platform/BSP/debug/libBSP_efm32_debug.a(BSP_WiFi_cc3100mod.o)
 .text.GPIO_PinOutSet
                0x00015b18       0x4c ./../Platform/BSP/debug/libBSP_efm32_debug.a(BSP_WiFi_cc3100mod.o)
 .text.Board_GPIOInterruptUnregisterCallback
                0x00015b64       0x20 ./../Platform/BSP/debug/libBSP_efm32_debug.a(BSP_WiFi_cc3100mod.o)
 .text.BSP_WiFi_CC3100MOD_Connect
                0x00015b84      0x1e8 ./../Platform/BSP/debug/libBSP_efm32_debug.a(BSP_WiFi_cc3100mod.o)
                0x00015b84                BSP_WiFi_CC3100MOD_Connect
 .text.BSP_WiFi_CC3100MOD_Enable
                0x00015d6c      0x1a4 ./../Platform/BSP/debug/libBSP_efm32_debug.a(BSP_WiFi_cc3100mod.o)
                0x00015d6c                BSP_WiFi_CC3100MOD_Enable
 .text.BSP_WiFi_CC3100MOD_Disable
                0x00015f10       0xb0 ./../Platform/BSP/debug/libBSP_efm32_debug.a(BSP_WiFi_cc3100mod.o)
                0x00015f10                BSP_WiFi_CC3100MOD_Disable
 .text.BSP_WiFi_CC3100MOD_GetSPIHandle
                0x00015fc0       0x14 ./../Platform/BSP/debug/libBSP_efm32_debug.a(BSP_WiFi_cc3100mod.o)
                0x00015fc0                BSP_WiFi_CC3100MOD_GetSPIHandle
 .text.BSP_WiFi_CC3100MOD_SetCSLow
                0x00015fd4       0x18 ./../Platform/BSP/debug/libBSP_efm32_debug.a(BSP_WiFi_cc3100mod.o)
                0x00015fd4                BSP_WiFi_CC3100MOD_SetCSLow
 .text.BSP_WiFi_CC3100MOD_SetCSHigh
                0x00015fec       0x18 ./../Platform/BSP/debug/libBSP_efm32_debug.a(BSP_WiFi_cc3100mod.o)
                0x00015fec                BSP_WiFi_CC3100MOD_SetCSHigh
 .text.WiFi_CC3100MOD_SPIRxISR
                0x00016004       0x28 ./../Platform/BSP/debug/libBSP_efm32_debug.a(BSP_WiFi_cc3100mod.o)
                0x00016004                WiFi_CC3100MOD_SPIRxISR
 .text.WiFi_CC3100MOD_SPITxISR
                0x0001602c       0x28 ./../Platform/BSP/debug/libBSP_efm32_debug.a(BSP_WiFi_cc3100mod.o)
                0x0001602c                WiFi_CC3100MOD_SPITxISR
 .text.WiFi_CC3100MOD_SPI_RxDMAComplete
                0x00016054       0x38 ./../Platform/BSP/debug/libBSP_efm32_debug.a(BSP_WiFi_cc3100mod.o)
                0x00016054                WiFi_CC3100MOD_SPI_RxDMAComplete
 .text.WiFi_CC3100MOD_SPI_TxDMAComplete
                0x0001608c       0x38 ./../Platform/BSP/debug/libBSP_efm32_debug.a(BSP_WiFi_cc3100mod.o)
                0x0001608c                WiFi_CC3100MOD_SPI_TxDMAComplete
 .text.WiFi_INT_InterruptCallback
                0x000160c4       0x14 ./../Platform/BSP/debug/libBSP_efm32_debug.a(BSP_WiFi_cc3100mod.o)
 .text.BT_EM9301_UART_TxISR
                0x000160d8       0x28 ./../Platform/BSP/debug/libBSP_efm32_debug.a(BSP_BT_EM9301.o)
                0x000160d8                BT_EM9301_UART_TxISR
 .text.BT_EM9301_UART_RxISR
                0x00016100       0x28 ./../Platform/BSP/debug/libBSP_efm32_debug.a(BSP_BT_EM9301.o)
                0x00016100                BT_EM9301_UART_RxISR
 .text.NVIC_EnableIRQ
                0x00016128       0x38 ./../Platform/BSP/debug/libBSP_efm32_debug.a(BSP_SensorNode.o)
 .text.NVIC_DisableIRQ
                0x00016160       0x3c ./../Platform/BSP/debug/libBSP_efm32_debug.a(BSP_SensorNode.o)
 .text.NVIC_SetPriority
                0x0001619c       0x5c ./../Platform/BSP/debug/libBSP_efm32_debug.a(BSP_SensorNode.o)
 .text.GPIO_PinInGet
                0x000161f8       0x4c ./../Platform/BSP/debug/libBSP_efm32_debug.a(BSP_SensorNode.o)
 .text.GPIO_PinOutSet
                0x00016244       0x4c ./../Platform/BSP/debug/libBSP_efm32_debug.a(BSP_SensorNode.o)
 .text.BSP_SensorNode_Connect
                0x00016290      0x190 ./../Platform/BSP/debug/libBSP_efm32_debug.a(BSP_SensorNode.o)
                0x00016290                BSP_SensorNode_Connect
 .text.BSP_SensorNode_Enable
                0x00016420      0x408 ./../Platform/BSP/debug/libBSP_efm32_debug.a(BSP_SensorNode.o)
                0x00016420                BSP_SensorNode_Enable
 .text.BSP_SensorNode_GetI2CHandle
                0x00016828       0x34 ./../Platform/BSP/debug/libBSP_efm32_debug.a(BSP_SensorNode.o)
                0x00016828                BSP_SensorNode_GetI2CHandle
 .text.SensorNode_EnableBus
                0x0001685c       0x6c ./../Platform/BSP/debug/libBSP_efm32_debug.a(BSP_SensorNode.o)
 .text.BMA280_INT_InterruptCallback
                0x000168c8       0x44 ./../Platform/BSP/debug/libBSP_efm32_debug.a(BSP_SensorNode.o)
 .text.BMA280_INT2_InterruptCallback
                0x0001690c       0x44 ./../Platform/BSP/debug/libBSP_efm32_debug.a(BSP_SensorNode.o)
 .text.MAX44009_INTN_InterruptCallback
                0x00016950       0x44 ./../Platform/BSP/debug/libBSP_efm32_debug.a(BSP_SensorNode.o)
 .text.SensorNode_I2CISR
                0x00016994       0x28 ./../Platform/BSP/debug/libBSP_efm32_debug.a(BSP_SensorNode.o)
                0x00016994                SensorNode_I2CISR
 .text.SDCard_SPIRxISR
                0x000169bc       0x28 ./../Platform/BSP/debug/libBSP_efm32_debug.a(BSP_SDCard.o)
                0x000169bc                SDCard_SPIRxISR
 .text.SDCard_SPITxISR
                0x000169e4       0x28 ./../Platform/BSP/debug/libBSP_efm32_debug.a(BSP_SDCard.o)
                0x000169e4                SDCard_SPITxISR
 .text.xTaskGenericCreate
                0x00016a0c      0x1d0 ./../Libraries/FreeRTOS/debug/libFreeRTOS_efm32_debug.a(tasks.o)
                0x00016a0c                xTaskGenericCreate
 .text.vTaskDelete
                0x00016bdc      0x12c ./../Libraries/FreeRTOS/debug/libFreeRTOS_efm32_debug.a(tasks.o)
                0x00016bdc                vTaskDelete
 .text.vTaskDelay
                0x00016d08       0xac ./../Libraries/FreeRTOS/debug/libFreeRTOS_efm32_debug.a(tasks.o)
                0x00016d08                vTaskDelay
 .text.vTaskStartScheduler
                0x00016db4       0xa0 ./../Libraries/FreeRTOS/debug/libFreeRTOS_efm32_debug.a(tasks.o)
                0x00016db4                vTaskStartScheduler
 .text.vTaskSuspendAll
                0x00016e54       0x24 ./../Libraries/FreeRTOS/debug/libFreeRTOS_efm32_debug.a(tasks.o)
                0x00016e54                vTaskSuspendAll
 .text.xTaskResumeAll
                0x00016e78      0x180 ./../Libraries/FreeRTOS/debug/libFreeRTOS_efm32_debug.a(tasks.o)
                0x00016e78                xTaskResumeAll
 .text.xTaskGetTickCount
                0x00016ff8       0x20 ./../Libraries/FreeRTOS/debug/libFreeRTOS_efm32_debug.a(tasks.o)
                0x00016ff8                xTaskGetTickCount
 .text.xTaskIncrementTick
                0x00017018      0x20c ./../Libraries/FreeRTOS/debug/libFreeRTOS_efm32_debug.a(tasks.o)
                0x00017018                xTaskIncrementTick
 .text.vTaskSwitchContext
                0x00017224      0x150 ./../Libraries/FreeRTOS/debug/libFreeRTOS_efm32_debug.a(tasks.o)
                0x00017224                vTaskSwitchContext
 .text.vTaskPlaceOnEventList
                0x00017374       0xc4 ./../Libraries/FreeRTOS/debug/libFreeRTOS_efm32_debug.a(tasks.o)
                0x00017374                vTaskPlaceOnEventList
 .text.vTaskPlaceOnEventListRestricted
                0x00017438       0xc4 ./../Libraries/FreeRTOS/debug/libFreeRTOS_efm32_debug.a(tasks.o)
                0x00017438                vTaskPlaceOnEventListRestricted
 .text.xTaskRemoveFromEventList
                0x000174fc       0xe8 ./../Libraries/FreeRTOS/debug/libFreeRTOS_efm32_debug.a(tasks.o)
                0x000174fc                xTaskRemoveFromEventList
 .text.vTaskSetTimeOutState
                0x000175e4       0x44 ./../Libraries/FreeRTOS/debug/libFreeRTOS_efm32_debug.a(tasks.o)
                0x000175e4                vTaskSetTimeOutState
 .text.xTaskCheckForTimeOut
                0x00017628       0xc4 ./../Libraries/FreeRTOS/debug/libFreeRTOS_efm32_debug.a(tasks.o)
                0x00017628                xTaskCheckForTimeOut
 .text.vTaskMissedYield
                0x000176ec       0x18 ./../Libraries/FreeRTOS/debug/libFreeRTOS_efm32_debug.a(tasks.o)
                0x000176ec                vTaskMissedYield
 .text.prvIdleTask
                0x00017704       0x10 ./../Libraries/FreeRTOS/debug/libFreeRTOS_efm32_debug.a(tasks.o)
 .text.prvInitialiseTCBVariables
                0x00017714       0xbc ./../Libraries/FreeRTOS/debug/libFreeRTOS_efm32_debug.a(tasks.o)
 .text.prvInitialiseTaskLists
                0x000177d0       0xa4 ./../Libraries/FreeRTOS/debug/libFreeRTOS_efm32_debug.a(tasks.o)
 .text.prvCheckTasksWaitingTermination
                0x00017874       0x9c ./../Libraries/FreeRTOS/debug/libFreeRTOS_efm32_debug.a(tasks.o)
 .text.prvAddCurrentTaskToDelayedList
                0x00017910       0x8c ./../Libraries/FreeRTOS/debug/libFreeRTOS_efm32_debug.a(tasks.o)
 .text.prvAllocateTCBAndStack
                0x0001799c       0x7c ./../Libraries/FreeRTOS/debug/libFreeRTOS_efm32_debug.a(tasks.o)
 .text.prvDeleteTCB
                0x00017a18       0x20 ./../Libraries/FreeRTOS/debug/libFreeRTOS_efm32_debug.a(tasks.o)
 .text.prvResetNextTaskUnblockTime
                0x00017a38       0x5c ./../Libraries/FreeRTOS/debug/libFreeRTOS_efm32_debug.a(tasks.o)
 .text.xTaskGetSchedulerState
                0x00017a94       0x48 ./../Libraries/FreeRTOS/debug/libFreeRTOS_efm32_debug.a(tasks.o)
                0x00017a94                xTaskGetSchedulerState
 .text.vTaskPriorityInherit
                0x00017adc      0x144 ./../Libraries/FreeRTOS/debug/libFreeRTOS_efm32_debug.a(tasks.o)
                0x00017adc                vTaskPriorityInherit
 .text.xTaskPriorityDisinherit
                0x00017c20      0x13c ./../Libraries/FreeRTOS/debug/libFreeRTOS_efm32_debug.a(tasks.o)
                0x00017c20                xTaskPriorityDisinherit
 .text.pvTaskIncrementMutexHeldCount
                0x00017d5c       0x38 ./../Libraries/FreeRTOS/debug/libFreeRTOS_efm32_debug.a(tasks.o)
                0x00017d5c                pvTaskIncrementMutexHeldCount
 .text.xTimerCreateTimerTask
                0x00017d94       0x78 ./../Libraries/FreeRTOS/debug/libFreeRTOS_efm32_debug.a(timers.o)
                0x00017d94                xTimerCreateTimerTask
 .text.xTimerCreate
                0x00017e0c       0x7c ./../Libraries/FreeRTOS/debug/libFreeRTOS_efm32_debug.a(timers.o)
                0x00017e0c                xTimerCreate
 .text.xTimerGenericCommand
                0x00017e88       0xac ./../Libraries/FreeRTOS/debug/libFreeRTOS_efm32_debug.a(timers.o)
                0x00017e88                xTimerGenericCommand
 .text.prvProcessExpiredTimer
                0x00017f34       0x88 ./../Libraries/FreeRTOS/debug/libFreeRTOS_efm32_debug.a(timers.o)
 .text.prvTimerTask
                0x00017fbc       0x24 ./../Libraries/FreeRTOS/debug/libFreeRTOS_efm32_debug.a(timers.o)
 .text.prvProcessTimerOrBlockTask
                0x00017fe0       0x78 ./../Libraries/FreeRTOS/debug/libFreeRTOS_efm32_debug.a(timers.o)
 .text.prvGetNextExpireTime
                0x00018058       0x54 ./../Libraries/FreeRTOS/debug/libFreeRTOS_efm32_debug.a(timers.o)
 .text.prvSampleTimeNow
                0x000180ac       0x4c ./../Libraries/FreeRTOS/debug/libFreeRTOS_efm32_debug.a(timers.o)
 .text.prvInsertTimerInActiveList
                0x000180f8       0x94 ./../Libraries/FreeRTOS/debug/libFreeRTOS_efm32_debug.a(timers.o)
 .text.prvProcessReceivedCommands
                0x0001818c      0x174 ./../Libraries/FreeRTOS/debug/libFreeRTOS_efm32_debug.a(timers.o)
 .text.prvSwitchTimerLists
                0x00018300       0xf0 ./../Libraries/FreeRTOS/debug/libFreeRTOS_efm32_debug.a(timers.o)
 .text.prvCheckForValidListAndQueue
                0x000183f0       0xb8 ./../Libraries/FreeRTOS/debug/libFreeRTOS_efm32_debug.a(timers.o)
 .text.pvTimerGetTimerID
                0x000184a8       0x3c ./../Libraries/FreeRTOS/debug/libFreeRTOS_efm32_debug.a(timers.o)
                0x000184a8                pvTimerGetTimerID
 .text.xTimerPendFunctionCallFromISR
                0x000184e4       0x4c ./../Libraries/FreeRTOS/debug/libFreeRTOS_efm32_debug.a(timers.o)
                0x000184e4                xTimerPendFunctionCallFromISR
 .text.pvPortMalloc
                0x00018530      0x1e0 ./../Libraries/FreeRTOS/debug/libFreeRTOS_efm32_debug.a(heap_4.o)
                0x00018530                pvPortMalloc
 .text.vPortFree
                0x00018710       0xcc ./../Libraries/FreeRTOS/debug/libFreeRTOS_efm32_debug.a(heap_4.o)
                0x00018710                vPortFree
 .text.prvHeapInit
                0x000187dc       0xfc ./../Libraries/FreeRTOS/debug/libFreeRTOS_efm32_debug.a(heap_4.o)
 .text.prvInsertBlockIntoFreeList
                0x000188d8       0xbc ./../Libraries/FreeRTOS/debug/libFreeRTOS_efm32_debug.a(heap_4.o)
 .text.pxPortInitialiseStack
                0x00018994       0x64 ./../Libraries/FreeRTOS/debug/libFreeRTOS_efm32_debug.a(port.o)
                0x00018994                pxPortInitialiseStack
 .text.prvTaskExitError
                0x000189f8       0x2c ./../Libraries/FreeRTOS/debug/libFreeRTOS_efm32_debug.a(port.o)
 .text.SVC_Handler
                0x00018a24       0x24 ./../Libraries/FreeRTOS/debug/libFreeRTOS_efm32_debug.a(port.o)
                0x00018a24                SVC_Handler
 .text.prvPortStartFirstTask
                0x00018a48       0x20 ./../Libraries/FreeRTOS/debug/libFreeRTOS_efm32_debug.a(port.o)
 .text.xPortStartScheduler
                0x00018a68      0x10c ./../Libraries/FreeRTOS/debug/libFreeRTOS_efm32_debug.a(port.o)
                0x00018a68                xPortStartScheduler
 .text.vPortYield
                0x00018b74       0x20 ./../Libraries/FreeRTOS/debug/libFreeRTOS_efm32_debug.a(port.o)
                0x00018b74                vPortYield
 .text.vPortEnterCritical
                0x00018b94       0x58 ./../Libraries/FreeRTOS/debug/libFreeRTOS_efm32_debug.a(port.o)
                0x00018b94                vPortEnterCritical
 .text.vPortExitCritical
                0x00018bec       0x54 ./../Libraries/FreeRTOS/debug/libFreeRTOS_efm32_debug.a(port.o)
                0x00018bec                vPortExitCritical
 .text.ulPortSetInterruptMask
                0x00018c40       0x14 ./../Libraries/FreeRTOS/debug/libFreeRTOS_efm32_debug.a(port.o)
                0x00018c40                ulPortSetInterruptMask
 .text.vPortClearInterruptMask
                0x00018c54        0x8 ./../Libraries/FreeRTOS/debug/libFreeRTOS_efm32_debug.a(port.o)
                0x00018c54                vPortClearInterruptMask
 .text.PendSV_Handler
                0x00018c5c       0x44 ./../Libraries/FreeRTOS/debug/libFreeRTOS_efm32_debug.a(port.o)
                0x00018c5c                PendSV_Handler
 .text.xPortSysTickHandler
                0x00018ca0       0x2c ./../Libraries/FreeRTOS/debug/libFreeRTOS_efm32_debug.a(port.o)
                0x00018ca0                xPortSysTickHandler
 .text.vPortSetupTimerInterrupt
                0x00018ccc       0x28 ./../Libraries/FreeRTOS/debug/libFreeRTOS_efm32_debug.a(port.o)
                0x00018ccc                vPortSetupTimerInterrupt
 .text.vPortValidateInterruptPriority
                0x00018cf4       0x78 ./../Libraries/FreeRTOS/debug/libFreeRTOS_efm32_debug.a(port.o)
                0x00018cf4                vPortValidateInterruptPriority
 .text.vListInitialise
                0x00018d6c       0x40 ./../Libraries/FreeRTOS/debug/libFreeRTOS_efm32_debug.a(list.o)
                0x00018d6c                vListInitialise
 .text.vListInitialiseItem
                0x00018dac       0x1c ./../Libraries/FreeRTOS/debug/libFreeRTOS_efm32_debug.a(list.o)
                0x00018dac                vListInitialiseItem
 .text.vListInsertEnd
                0x00018dc8       0x48 ./../Libraries/FreeRTOS/debug/libFreeRTOS_efm32_debug.a(list.o)
                0x00018dc8                vListInsertEnd
 .text.vListInsert
                0x00018e10       0x74 ./../Libraries/FreeRTOS/debug/libFreeRTOS_efm32_debug.a(list.o)
                0x00018e10                vListInsert
 .text.uxListRemove
                0x00018e84       0x58 ./../Libraries/FreeRTOS/debug/libFreeRTOS_efm32_debug.a(list.o)
                0x00018e84                uxListRemove
 .text.xQueueGenericReset
                0x00018edc       0xc8 ./../Libraries/FreeRTOS/debug/libFreeRTOS_efm32_debug.a(queue.o)
                0x00018edc                xQueueGenericReset
 .text.xQueueGenericCreate
                0x00018fa4       0xb8 ./../Libraries/FreeRTOS/debug/libFreeRTOS_efm32_debug.a(queue.o)
                0x00018fa4                xQueueGenericCreate
 .text.xQueueCreateMutex
                0x0001905c       0xb8 ./../Libraries/FreeRTOS/debug/libFreeRTOS_efm32_debug.a(queue.o)
                0x0001905c                xQueueCreateMutex
 .text.xQueueGenericSend
                0x00019114      0x1c8 ./../Libraries/FreeRTOS/debug/libFreeRTOS_efm32_debug.a(queue.o)
                0x00019114                xQueueGenericSend
 .text.xQueueGenericSendFromISR
                0x000192dc      0x110 ./../Libraries/FreeRTOS/debug/libFreeRTOS_efm32_debug.a(queue.o)
                0x000192dc                xQueueGenericSendFromISR
 .text.xQueueGiveFromISR
                0x000193ec      0x108 ./../Libraries/FreeRTOS/debug/libFreeRTOS_efm32_debug.a(queue.o)
                0x000193ec                xQueueGiveFromISR
 .text.xQueueGenericReceive
                0x000194f4      0x1e0 ./../Libraries/FreeRTOS/debug/libFreeRTOS_efm32_debug.a(queue.o)
                0x000194f4                xQueueGenericReceive
 .text.vQueueDelete
                0x000196d4       0x38 ./../Libraries/FreeRTOS/debug/libFreeRTOS_efm32_debug.a(queue.o)
                0x000196d4                vQueueDelete
 .text.prvCopyDataToQueue
                0x0001970c       0xe8 ./../Libraries/FreeRTOS/debug/libFreeRTOS_efm32_debug.a(queue.o)
 .text.prvCopyDataFromQueue
                0x000197f4       0x50 ./../Libraries/FreeRTOS/debug/libFreeRTOS_efm32_debug.a(queue.o)
 .text.prvUnlockQueue
                0x00019844       0xc0 ./../Libraries/FreeRTOS/debug/libFreeRTOS_efm32_debug.a(queue.o)
 .text.prvIsQueueEmpty
                0x00019904       0x34 ./../Libraries/FreeRTOS/debug/libFreeRTOS_efm32_debug.a(queue.o)
 .text.prvIsQueueFull
                0x00019938       0x38 ./../Libraries/FreeRTOS/debug/libFreeRTOS_efm32_debug.a(queue.o)
 .text.vQueueAddToRegistry
                0x00019970       0x64 ./../Libraries/FreeRTOS/debug/libFreeRTOS_efm32_debug.a(queue.o)
                0x00019970                vQueueAddToRegistry
 .text.vQueueUnregisterQueue
                0x000199d4       0x54 ./../Libraries/FreeRTOS/debug/libFreeRTOS_efm32_debug.a(queue.o)
                0x000199d4                vQueueUnregisterQueue
 .text.vQueueWaitForMessageRestricted
                0x00019a28       0x64 ./../Libraries/FreeRTOS/debug/libFreeRTOS_efm32_debug.a(queue.o)
                0x00019a28                vQueueWaitForMessageRestricted
 .text.prvNotifyQueueSetContainer
                0x00019a8c       0xa8 ./../Libraries/FreeRTOS/debug/libFreeRTOS_efm32_debug.a(queue.o)
 .text.ADC_Init
                0x00019b34       0x68 ./../Libraries/EMlib/debug/libEMLib_efm32_debug.a(em_adc.o)
                0x00019b34                ADC_Init
 .text.ADC_PrescaleCalc
                0x00019b9c       0x78 ./../Libraries/EMlib/debug/libEMLib_efm32_debug.a(em_adc.o)
                0x00019b9c                ADC_PrescaleCalc
 .text.ADC_TimebaseCalc
                0x00019c14       0x74 ./../Libraries/EMlib/debug/libEMLib_efm32_debug.a(em_adc.o)
                0x00019c14                ADC_TimebaseCalc
 .text.BITBAND_Peripheral
                0x00019c88       0x30 ./../Libraries/EMlib/debug/libEMLib_efm32_debug.a(em_cmu.o)
 .text.CMU_MaxFreqHfle
                0x00019cb8       0xb8 ./../Libraries/EMlib/debug/libEMLib_efm32_debug.a(em_cmu.o)
 .text.CMU_FlashWaitStateMax
                0x00019d70       0x68 ./../Libraries/EMlib/debug/libEMLib_efm32_debug.a(em_cmu.o)
 .text.CMU_DivToLog2
                0x00019dd8       0x38 ./../Libraries/EMlib/debug/libEMLib_efm32_debug.a(em_cmu.o)
 .text.CMU_FlashWaitStateControl
                0x00019e10       0xf4 ./../Libraries/EMlib/debug/libEMLib_efm32_debug.a(em_cmu.o)
 .text.CMU_USBCClkGet
                0x00019f04       0x50 ./../Libraries/EMlib/debug/libEMLib_efm32_debug.a(em_cmu.o)
 .text.CMU_AUXClkGet
                0x00019f54       0x9c ./../Libraries/EMlib/debug/libEMLib_efm32_debug.a(em_cmu.o)
 .text.CMU_DBGClkGet
                0x00019ff0       0x64 ./../Libraries/EMlib/debug/libEMLib_efm32_debug.a(em_cmu.o)
 .text.CMU_LFClkGet
                0x0001a054       0xd4 ./../Libraries/EMlib/debug/libEMLib_efm32_debug.a(em_cmu.o)
 .text.CMU_Sync
                0x0001a128       0x3c ./../Libraries/EMlib/debug/libEMLib_efm32_debug.a(em_cmu.o)
 .text.CMU_ClockDivSet
                0x0001a164      0x298 ./../Libraries/EMlib/debug/libEMLib_efm32_debug.a(em_cmu.o)
                0x0001a164                CMU_ClockDivSet
 .text.CMU_ClockEnable
                0x0001a3fc      0x10c ./../Libraries/EMlib/debug/libEMLib_efm32_debug.a(em_cmu.o)
                0x0001a3fc                CMU_ClockEnable
 .text.CMU_ClockFreqGet
                0x0001a508      0x1e8 ./../Libraries/EMlib/debug/libEMLib_efm32_debug.a(em_cmu.o)
                0x0001a508                CMU_ClockFreqGet
 .text.CMU_ClockSelectGet
                0x0001a6f0      0x1a4 ./../Libraries/EMlib/debug/libEMLib_efm32_debug.a(em_cmu.o)
                0x0001a6f0                CMU_ClockSelectGet
 .text.CMU_ClockSelectSet
                0x0001a894      0x38c ./../Libraries/EMlib/debug/libEMLib_efm32_debug.a(em_cmu.o)
                0x0001a894                CMU_ClockSelectSet
 .text.CMU_OscillatorEnable
                0x0001ac20       0xe8 ./../Libraries/EMlib/debug/libEMLib_efm32_debug.a(em_cmu.o)
                0x0001ac20                CMU_OscillatorEnable
 .text.MSC_Init
                0x0001ad08      0x108 ./../Libraries/EMlib/debug/libEMLib_efm32_debug.a(em_msc.o)
                0x0001ad08                MSC_Init
 .text.MSC_Deinit
                0x0001ae10       0x30 ./../Libraries/EMlib/debug/libEMLib_efm32_debug.a(em_msc.o)
                0x0001ae10                MSC_Deinit
 .text.NVIC_DisableIRQ
                0x0001ae40       0x3c ./../Libraries/EMlib/debug/libEMLib_efm32_debug.a(em_dma.o)
 .text.BITBAND_Peripheral
                0x0001ae7c       0x30 ./../Libraries/EMlib/debug/libEMLib_efm32_debug.a(em_dma.o)
 .text.DMA_Prepare
                0x0001aeac      0x138 ./../Libraries/EMlib/debug/libEMLib_efm32_debug.a(em_dma.o)
 .text.DMA_IRQHandler
                0x0001afe4      0x110 ./../Libraries/EMlib/debug/libEMLib_efm32_debug.a(em_dma.o)
                0x0001afe4                DMA_IRQHandler
 .text.DMA_ActivateBasic
                0x0001b0f4       0x48 ./../Libraries/EMlib/debug/libEMLib_efm32_debug.a(em_dma.o)
                0x0001b0f4                DMA_ActivateBasic
 .text.DMA_CfgChannel
                0x0001b13c       0xc0 ./../Libraries/EMlib/debug/libEMLib_efm32_debug.a(em_dma.o)
                0x0001b13c                DMA_CfgChannel
 .text.DMA_CfgDescr
                0x0001b1fc       0x84 ./../Libraries/EMlib/debug/libEMLib_efm32_debug.a(em_dma.o)
                0x0001b1fc                DMA_CfgDescr
 .text.DMA_Reset
                0x0001b280       0xd4 ./../Libraries/EMlib/debug/libEMLib_efm32_debug.a(em_dma.o)
                0x0001b280                DMA_Reset
 .text.EMU_UpdateOscConfig
                0x0001b354       0x20 ./../Libraries/EMlib/debug/libEMLib_efm32_debug.a(em_emu.o)
                0x0001b354                EMU_UpdateOscConfig
 .text.BITBAND_Peripheral
                0x0001b374       0x30 ./../Libraries/EMlib/debug/libEMLib_efm32_debug.a(em_gpio.o)
 .text.GPIO_DriveModeSet
                0x0001b3a4       0x60 ./../Libraries/EMlib/debug/libEMLib_efm32_debug.a(em_gpio.o)
                0x0001b3a4                GPIO_DriveModeSet
 .text.GPIO_IntConfig
                0x0001b404       0xf4 ./../Libraries/EMlib/debug/libEMLib_efm32_debug.a(em_gpio.o)
                0x0001b404                GPIO_IntConfig
 .text.GPIO_PinModeSet
                0x0001b4f8      0x1b8 ./../Libraries/EMlib/debug/libEMLib_efm32_debug.a(em_gpio.o)
                0x0001b4f8                GPIO_PinModeSet
 .text.BITBAND_Peripheral
                0x0001b6b0       0x30 ./../Libraries/EMlib/debug/libEMLib_efm32_debug.a(em_i2c.o)
 .text.I2C_BusFreqSet
                0x0001b6e0       0x94 ./../Libraries/EMlib/debug/libEMLib_efm32_debug.a(em_i2c.o)
                0x0001b6e0                I2C_BusFreqSet
 .text.I2C_Enable
                0x0001b774       0x40 ./../Libraries/EMlib/debug/libEMLib_efm32_debug.a(em_i2c.o)
                0x0001b774                I2C_Enable
 .text.I2C_Init
                0x0001b7b4       0x84 ./../Libraries/EMlib/debug/libEMLib_efm32_debug.a(em_i2c.o)
                0x0001b7b4                I2C_Init
 .text.I2C_Transfer
                0x0001b838      0x4ec ./../Libraries/EMlib/debug/libEMLib_efm32_debug.a(em_i2c.o)
                0x0001b838                I2C_Transfer
 .text.I2C_TransferInit
                0x0001bd24      0x104 ./../Libraries/EMlib/debug/libEMLib_efm32_debug.a(em_i2c.o)
                0x0001bd24                I2C_TransferInit
 .text.USART_BaudrateAsyncSet
                0x0001be28       0xd0 ./../Libraries/EMlib/debug/libEMLib_efm32_debug.a(em_usart.o)
                0x0001be28                USART_BaudrateAsyncSet
 .text.USART_BaudrateSyncSet
                0x0001bef8       0x7c ./../Libraries/EMlib/debug/libEMLib_efm32_debug.a(em_usart.o)
                0x0001bef8                USART_BaudrateSyncSet
 .text.USART_InitAsync
                0x0001bf74       0xbc ./../Libraries/EMlib/debug/libEMLib_efm32_debug.a(em_usart.o)
                0x0001bf74                USART_InitAsync
 .text.USART_Reset
                0x0001c030       0xd8 ./../Libraries/EMlib/debug/libEMLib_efm32_debug.a(em_usart.o)
                0x0001c030                USART_Reset
 .text.SYSTEM_ChipRevisionGet
                0x0001c108       0x94 ./../Libraries/EMlib/debug/libEMLib_efm32_debug.a(em_system.o)
                0x0001c108                SYSTEM_ChipRevisionGet
 .text.NVIC_EnableIRQ
                0x0001c19c       0x38 ./../Libraries/EMlib/debug/libEMLib_efm32_debug.a(em_usbd.o)
 .text.NVIC_ClearPendingIRQ
                0x0001c1d4       0x3c ./../Libraries/EMlib/debug/libEMLib_efm32_debug.a(em_usbd.o)
 .text.INT_Disable
                0x0001c210       0x40 ./../Libraries/EMlib/debug/libEMLib_efm32_debug.a(em_usbd.o)
 .text.INT_Enable
                0x0001c250       0x54 ./../Libraries/EMlib/debug/libEMLib_efm32_debug.a(em_usbd.o)
 .text.USBHAL_DisableGlobalInt
                0x0001c2a4       0x34 ./../Libraries/EMlib/debug/libEMLib_efm32_debug.a(em_usbd.o)
 .text.USBHAL_EnableGlobalInt
                0x0001c2d8       0x34 ./../Libraries/EMlib/debug/libEMLib_efm32_debug.a(em_usbd.o)
 .text.USBDHAL_EnableUsbResetAndSuspendInt
                0x0001c30c       0x38 ./../Libraries/EMlib/debug/libEMLib_efm32_debug.a(em_usbd.o)
 .text.USBDHAL_EpIsStalled
                0x0001c344       0x3c ./../Libraries/EMlib/debug/libEMLib_efm32_debug.a(em_usbd.o)
 .text.USBDHAL_GetStallStatusEp
                0x0001c380       0xc0 ./../Libraries/EMlib/debug/libEMLib_efm32_debug.a(em_usbd.o)
 .text.USBDHAL_SetEp0InDmaPtr
                0x0001c440       0x28 ./../Libraries/EMlib/debug/libEMLib_efm32_debug.a(em_usbd.o)
 .text.USBDHAL_SetEp0OutDmaPtr
                0x0001c468       0x28 ./../Libraries/EMlib/debug/libEMLib_efm32_debug.a(em_usbd.o)
 .text.USBDHAL_StartEp0In
                0x0001c490       0x5c ./../Libraries/EMlib/debug/libEMLib_efm32_debug.a(em_usbd.o)
 .text.USBDHAL_StartEp0Out
                0x0001c4ec       0x5c ./../Libraries/EMlib/debug/libEMLib_efm32_debug.a(em_usbd.o)
 .text.USBDHAL_StartEpIn
                0x0001c548       0xc8 ./../Libraries/EMlib/debug/libEMLib_efm32_debug.a(em_usbd.o)
 .text.USBDHAL_StartEpOut
                0x0001c610       0xd4 ./../Libraries/EMlib/debug/libEMLib_efm32_debug.a(em_usbd.o)
 .text.USBD_ArmEp
                0x0001c6e4       0x28 ./../Libraries/EMlib/debug/libEMLib_efm32_debug.a(em_usbd.o)
 .text.USBD_ArmEp0
                0x0001c70c       0x88 ./../Libraries/EMlib/debug/libEMLib_efm32_debug.a(em_usbd.o)
 .text.USBD_ArmEpN
                0x0001c794       0x28 ./../Libraries/EMlib/debug/libEMLib_efm32_debug.a(em_usbd.o)
 .text.USBD_GetEpFromAddr
                0x0001c7bc       0xa0 ./../Libraries/EMlib/debug/libEMLib_efm32_debug.a(em_usbd.o)
 .text.USBD_Disconnect
                0x0001c85c       0x14 ./../Libraries/EMlib/debug/libEMLib_efm32_debug.a(em_usbd.o)
                0x0001c85c                USBD_Disconnect
 .text.USBD_GetUsbState
                0x0001c870       0x1c ./../Libraries/EMlib/debug/libEMLib_efm32_debug.a(em_usbd.o)
                0x0001c870                USBD_GetUsbState
 .text.USBD_Init
                0x0001c88c      0x4fc ./../Libraries/EMlib/debug/libEMLib_efm32_debug.a(em_usbd.o)
                0x0001c88c                USBD_Init
 .text.USBD_Read
                0x0001cd88      0x108 ./../Libraries/EMlib/debug/libEMLib_efm32_debug.a(em_usbd.o)
                0x0001cd88                USBD_Read
 .text.USBD_SetUsbState
                0x0001ce90       0x98 ./../Libraries/EMlib/debug/libEMLib_efm32_debug.a(em_usbd.o)
                0x0001ce90                USBD_SetUsbState
 .text.USBD_Write
                0x0001cf28      0x10c ./../Libraries/EMlib/debug/libEMLib_efm32_debug.a(em_usbd.o)
                0x0001cf28                USBD_Write
 .text.NVIC_ClearPendingIRQ
                0x0001d034       0x3c ./../Libraries/EMlib/debug/libEMLib_efm32_debug.a(em_usbhal.o)
 .text.INT_Disable
                0x0001d070       0x40 ./../Libraries/EMlib/debug/libEMLib_efm32_debug.a(em_usbhal.o)
 .text.INT_Enable
                0x0001d0b0       0x54 ./../Libraries/EMlib/debug/libEMLib_efm32_debug.a(em_usbhal.o)
 .text.USBHAL_FlushRxFifo
                0x0001d104       0x3c ./../Libraries/EMlib/debug/libEMLib_efm32_debug.a(em_usbhal.o)
 .text.USBHAL_FlushTxFifo
                0x0001d140       0x4c ./../Libraries/EMlib/debug/libEMLib_efm32_debug.a(em_usbhal.o)
 .text.USBDHAL_DeactivateEp
                0x0001d18c       0x88 ./../Libraries/EMlib/debug/libEMLib_efm32_debug.a(em_usbhal.o)
 .text.USBDHAL_GetInEpInts
                0x0001d214       0x44 ./../Libraries/EMlib/debug/libEMLib_efm32_debug.a(em_usbhal.o)
 .text.USBDHAL_GetOutEpInts
                0x0001d258       0x44 ./../Libraries/EMlib/debug/libEMLib_efm32_debug.a(em_usbhal.o)
 .text.USBDHAL_SetEPDISNAK
                0x0001d29c       0xac ./../Libraries/EMlib/debug/libEMLib_efm32_debug.a(em_usbhal.o)
 .text.USBD_GetEpFromAddr
                0x0001d348       0xa0 ./../Libraries/EMlib/debug/libEMLib_efm32_debug.a(em_usbhal.o)
 .text.USBHAL_CoreReset
                0x0001d3e8       0xbc ./../Libraries/EMlib/debug/libEMLib_efm32_debug.a(em_usbhal.o)
                0x0001d3e8                USBHAL_CoreReset
 .text.USBDHAL_CoreInit
                0x0001d4a4      0x3ec ./../Libraries/EMlib/debug/libEMLib_efm32_debug.a(em_usbhal.o)
                0x0001d4a4                USBDHAL_CoreInit
 .text.USBDHAL_Disconnect
                0x0001d890       0x3c ./../Libraries/EMlib/debug/libEMLib_efm32_debug.a(em_usbhal.o)
                0x0001d890                USBDHAL_Disconnect
 .text.USBDHAL_AbortAllEps
                0x0001d8cc      0x53c ./../Libraries/EMlib/debug/libEMLib_efm32_debug.a(em_usbhal.o)
                0x0001d8cc                USBDHAL_AbortAllEps
 .text.USBDHAL_AbortAllTransfers
                0x0001de08       0xc8 ./../Libraries/EMlib/debug/libEMLib_efm32_debug.a(em_usbhal.o)
                0x0001de08                USBDHAL_AbortAllTransfers
 .text.USBDHAL_ReenableEp0Setup
                0x0001ded0       0x60 ./../Libraries/EMlib/debug/libEMLib_efm32_debug.a(em_usbdep.o)
 .text.USBDHAL_StallEp
                0x0001df30       0xcc ./../Libraries/EMlib/debug/libEMLib_efm32_debug.a(em_usbdep.o)
 .text.USBDHAL_StartEp0In
                0x0001dffc       0x5c ./../Libraries/EMlib/debug/libEMLib_efm32_debug.a(em_usbdep.o)
 .text.USBDHAL_StartEp0Out
                0x0001e058       0x5c ./../Libraries/EMlib/debug/libEMLib_efm32_debug.a(em_usbdep.o)
 .text.USBD_GetEpFromAddr
                0x0001e0b4       0xa0 ./../Libraries/EMlib/debug/libEMLib_efm32_debug.a(em_usbdep.o)
 .text.USBD_ReArmEp0
                0x0001e154       0x64 ./../Libraries/EMlib/debug/libEMLib_efm32_debug.a(em_usbdep.o)
 .text.USBDEP_Ep0Handler
                0x0001e1b8      0x300 ./../Libraries/EMlib/debug/libEMLib_efm32_debug.a(em_usbdep.o)
                0x0001e1b8                USBDEP_Ep0Handler
 .text.USBDEP_EpHandler
                0x0001e4b8       0x60 ./../Libraries/EMlib/debug/libEMLib_efm32_debug.a(em_usbdep.o)
                0x0001e4b8                USBDEP_EpHandler
 .text.TIMER_CounterGet
                0x0001e518       0x18 ./../Libraries/EMlib/debug/libEMLib_efm32_debug.a(em_usbtimer.o)
 .text.TIMER_TopSet
                0x0001e530       0x1c ./../Libraries/EMlib/debug/libEMLib_efm32_debug.a(em_usbtimer.o)
 .text.DelayTicks
                0x0001e54c       0x4c ./../Libraries/EMlib/debug/libEMLib_efm32_debug.a(em_usbtimer.o)
 .text.USBTIMER_DelayMs
                0x0001e598       0x84 ./../Libraries/EMlib/debug/libEMLib_efm32_debug.a(em_usbtimer.o)
                0x0001e598                USBTIMER_DelayMs
 .text.USBTIMER_DelayUs
                0x0001e61c      0x124 ./../Libraries/EMlib/debug/libEMLib_efm32_debug.a(em_usbtimer.o)
                0x0001e61c                USBTIMER_DelayUs
 .text.USBTIMER_Init
                0x0001e740      0x188 ./../Libraries/EMlib/debug/libEMLib_efm32_debug.a(em_usbtimer.o)
                0x0001e740                USBTIMER_Init
 .text.GetProdRev
                0x0001e8c8       0x1c ./../Libraries/EMlib/debug/libEMLib_efm32_debug.a(system_efm32gg.o)
 .text.SystemCoreClockGet
                0x0001e8e4       0x58 ./../Libraries/EMlib/debug/libEMLib_efm32_debug.a(system_efm32gg.o)
                0x0001e8e4                SystemCoreClockGet
 .text.SystemHFClockGet
                0x0001e93c      0x110 ./../Libraries/EMlib/debug/libEMLib_efm32_debug.a(system_efm32gg.o)
                0x0001e93c                SystemHFClockGet
 .text.SystemHFXOClockGet
                0x0001ea4c       0x18 ./../Libraries/EMlib/debug/libEMLib_efm32_debug.a(system_efm32gg.o)
                0x0001ea4c                SystemHFXOClockGet
 .text.SystemInit
                0x0001ea64        0xc ./../Libraries/EMlib/debug/libEMLib_efm32_debug.a(system_efm32gg.o)
                0x0001ea64                SystemInit
 .text.SystemLFRCOClockGet
                0x0001ea70       0x10 ./../Libraries/EMlib/debug/libEMLib_efm32_debug.a(system_efm32gg.o)
                0x0001ea70                SystemLFRCOClockGet
 .text.SystemULFRCOClockGet
                0x0001ea80       0x10 ./../Libraries/EMlib/debug/libEMLib_efm32_debug.a(system_efm32gg.o)
                0x0001ea80                SystemULFRCOClockGet
 .text.SystemLFXOClockGet
                0x0001ea90       0x18 ./../Libraries/EMlib/debug/libEMLib_efm32_debug.a(system_efm32gg.o)
                0x0001ea90                SystemLFXOClockGet
 .text.TIMER_Init
                0x0001eaa8      0x134 ./../Libraries/EMlib/debug/libEMLib_efm32_debug.a(em_timer.o)
                0x0001eaa8                TIMER_Init
 .text.TIMER_InitCC
                0x0001ebdc       0xec ./../Libraries/EMlib/debug/libEMLib_efm32_debug.a(em_timer.o)
                0x0001ebdc                TIMER_InitCC
 .text.USBDHAL_ActivateEp
                0x0001ecc8      0x148 ./../Libraries/EMlib/debug/libEMLib_efm32_debug.a(em_usbdch9.o)
 .text.USBDHAL_DeactivateEp
                0x0001ee10       0x88 ./../Libraries/EMlib/debug/libEMLib_efm32_debug.a(em_usbdch9.o)
 .text.USBDHAL_GetStallStatusEp
                0x0001ee98       0xc0 ./../Libraries/EMlib/debug/libEMLib_efm32_debug.a(em_usbdch9.o)
 .text.USBDHAL_SetAddr
                0x0001ef58       0x3c ./../Libraries/EMlib/debug/libEMLib_efm32_debug.a(em_usbdch9.o)
 .text.USBDHAL_StallEp
                0x0001ef94       0xcc ./../Libraries/EMlib/debug/libEMLib_efm32_debug.a(em_usbdch9.o)
 .text.USBDHAL_UnStallEp
                0x0001f060       0xe4 ./../Libraries/EMlib/debug/libEMLib_efm32_debug.a(em_usbdch9.o)
 .text.USBD_ActivateAllEps
                0x0001f144       0x54 ./../Libraries/EMlib/debug/libEMLib_efm32_debug.a(em_usbdch9.o)
 .text.USBD_DeactivateAllEps
                0x0001f198       0x68 ./../Libraries/EMlib/debug/libEMLib_efm32_debug.a(em_usbdch9.o)
 .text.USBD_GetEpFromAddr
                0x0001f200       0xa0 ./../Libraries/EMlib/debug/libEMLib_efm32_debug.a(em_usbdch9.o)
 .text.USBDCH9_SetupCmd
                0x0001f2a0       0xec ./../Libraries/EMlib/debug/libEMLib_efm32_debug.a(em_usbdch9.o)
                0x0001f2a0                USBDCH9_SetupCmd
 .text.ClearFeature
                0x0001f38c       0xcc ./../Libraries/EMlib/debug/libEMLib_efm32_debug.a(em_usbdch9.o)
 .text.GetConfiguration
                0x0001f458       0xb8 ./../Libraries/EMlib/debug/libEMLib_efm32_debug.a(em_usbdch9.o)
 .text.GetDescriptor
                0x0001f510      0x10c ./../Libraries/EMlib/debug/libEMLib_efm32_debug.a(em_usbdch9.o)
 .text.GetInterface
                0x0001f61c       0x94 ./../Libraries/EMlib/debug/libEMLib_efm32_debug.a(em_usbdch9.o)
 .text.GetStatus
                0x0001f6b0      0x1b4 ./../Libraries/EMlib/debug/libEMLib_efm32_debug.a(em_usbdch9.o)
 .text.SetAddress
                0x0001f864       0xb4 ./../Libraries/EMlib/debug/libEMLib_efm32_debug.a(em_usbdch9.o)
 .text.SetConfiguration
                0x0001f918      0x10c ./../Libraries/EMlib/debug/libEMLib_efm32_debug.a(em_usbdch9.o)
 .text.SetFeature
                0x0001fa24      0x100 ./../Libraries/EMlib/debug/libEMLib_efm32_debug.a(em_usbdch9.o)
 .text.SetInterface
                0x0001fb24       0x68 ./../Libraries/EMlib/debug/libEMLib_efm32_debug.a(em_usbdch9.o)
 .text.bma2x2_init
                0x0001fb8c       0x9c ./../Libraries/BSTLib/debug/libBSTLib_efm32_debug.a(bma2x2.o)
                0x0001fb8c                bma2x2_init
 .text.bma2x2_write_reg
                0x0001fc28       0x60 ./../Libraries/BSTLib/debug/libBSTLib_efm32_debug.a(bma2x2.o)
                0x0001fc28                bma2x2_write_reg
 .text.bma2x2_read_reg
                0x0001fc88       0x60 ./../Libraries/BSTLib/debug/libBSTLib_efm32_debug.a(bma2x2.o)
                0x0001fc88                bma2x2_read_reg
 .text.bma2x2_read_accel_xyz
                0x0001fce8      0x28c ./../Libraries/BSTLib/debug/libBSTLib_efm32_debug.a(bma2x2.o)
                0x0001fce8                bma2x2_read_accel_xyz
 .text.bma2x2_set_range
                0x0001ff74      0x150 ./../Libraries/BSTLib/debug/libBSTLib_efm32_debug.a(bma2x2.o)
                0x0001ff74                bma2x2_set_range
 .text.bma2x2_set_bw
                0x000200c4      0x254 ./../Libraries/BSTLib/debug/libBSTLib_efm32_debug.a(bma2x2.o)
                0x000200c4                bma2x2_set_bw
 .text.bma2x2_set_power_mode
                0x00020318      0x280 ./../Libraries/BSTLib/debug/libBSTLib_efm32_debug.a(bma2x2.o)
                0x00020318                bma2x2_set_power_mode
 .text.bma2x2_set_mode_value
                0x00020598      0x124 ./../Libraries/BSTLib/debug/libBSTLib_efm32_debug.a(bma2x2.o)
                0x00020598                bma2x2_set_mode_value
 .text.bma2x2_set_high_bw
                0x000206bc       0xb8 ./../Libraries/BSTLib/debug/libBSTLib_efm32_debug.a(bma2x2.o)
                0x000206bc                bma2x2_set_high_bw
 .text.bme280_init
                0x00020774       0xcc ./../Libraries/BSTLib/debug/libBSTLib_efm32_debug.a(bme280.o)
                0x00020774                bme280_init
 .text.bme280_compensate_temperature_int32
                0x00020840       0xd0 ./../Libraries/BSTLib/debug/libBSTLib_efm32_debug.a(bme280.o)
                0x00020840                bme280_compensate_temperature_int32
 .text.bme280_compensate_pressure_int32
                0x00020910      0x1d4 ./../Libraries/BSTLib/debug/libBSTLib_efm32_debug.a(bme280.o)
                0x00020910                bme280_compensate_pressure_int32
 .text.bme280_compensate_humidity_int32
                0x00020ae4      0x110 ./../Libraries/BSTLib/debug/libBSTLib_efm32_debug.a(bme280.o)
                0x00020ae4                bme280_compensate_humidity_int32
 .text.bme280_read_uncomp_pressure_temperature_humidity
                0x00020bf4       0xe0 ./../Libraries/BSTLib/debug/libBSTLib_efm32_debug.a(bme280.o)
                0x00020bf4                bme280_read_uncomp_pressure_temperature_humidity
 .text.bme280_read_pressure_temperature_humidity
                0x00020cd4       0x8c ./../Libraries/BSTLib/debug/libBSTLib_efm32_debug.a(bme280.o)
                0x00020cd4                bme280_read_pressure_temperature_humidity
 .text.bme280_get_calib_param
                0x00020d60      0x2d8 ./../Libraries/BSTLib/debug/libBSTLib_efm32_debug.a(bme280.o)
                0x00020d60                bme280_get_calib_param
 .text.bme280_set_oversamp_temperature
                0x00021038      0x1e8 ./../Libraries/BSTLib/debug/libBSTLib_efm32_debug.a(bme280.o)
                0x00021038                bme280_set_oversamp_temperature
 .text.bme280_set_oversamp_pressure
                0x00021220      0x1dc ./../Libraries/BSTLib/debug/libBSTLib_efm32_debug.a(bme280.o)
                0x00021220                bme280_set_oversamp_pressure
 .text.bme280_set_oversamp_humidity
                0x000213fc      0x228 ./../Libraries/BSTLib/debug/libBSTLib_efm32_debug.a(bme280.o)
                0x000213fc                bme280_set_oversamp_humidity
 .text.bme280_get_power_mode
                0x00021624       0x74 ./../Libraries/BSTLib/debug/libBSTLib_efm32_debug.a(bme280.o)
                0x00021624                bme280_get_power_mode
 .text.bme280_set_power_mode
                0x00021698      0x1e8 ./../Libraries/BSTLib/debug/libBSTLib_efm32_debug.a(bme280.o)
                0x00021698                bme280_set_power_mode
 .text.bme280_set_soft_rst
                0x00021880       0x64 ./../Libraries/BSTLib/debug/libBSTLib_efm32_debug.a(bme280.o)
                0x00021880                bme280_set_soft_rst
 .text.bme280_set_standby_durn
                0x000218e4      0x1e0 ./../Libraries/BSTLib/debug/libBSTLib_efm32_debug.a(bme280.o)
                0x000218e4                bme280_set_standby_durn
 .text.bme280_write_register
                0x00021ac4       0x64 ./../Libraries/BSTLib/debug/libBSTLib_efm32_debug.a(bme280.o)
                0x00021ac4                bme280_write_register
 .text.bme280_read_register
                0x00021b28       0x64 ./../Libraries/BSTLib/debug/libBSTLib_efm32_debug.a(bme280.o)
                0x00021b28                bme280_read_register
 .text.bmg160_init
                0x00021b8c       0x6c ./../Libraries/BSTLib/debug/libBSTLib_efm32_debug.a(bmg160.o)
                0x00021b8c                bmg160_init
 .text.bmg160_set_range_reg
                0x00021bf8       0xc4 ./../Libraries/BSTLib/debug/libBSTLib_efm32_debug.a(bmg160.o)
                0x00021bf8                bmg160_set_range_reg
 .text.bmg160_get_bw
                0x00021cbc       0x70 ./../Libraries/BSTLib/debug/libBSTLib_efm32_debug.a(bmg160.o)
                0x00021cbc                bmg160_get_bw
 .text.bmg160_set_bw
                0x00021d2c      0x104 ./../Libraries/BSTLib/debug/libBSTLib_efm32_debug.a(bmg160.o)
                0x00021d2c                bmg160_set_bw
 .text.bmg160_set_high_bw
                0x00021e30       0xc4 ./../Libraries/BSTLib/debug/libBSTLib_efm32_debug.a(bmg160.o)
                0x00021e30                bmg160_set_high_bw
 .text.bmg160_get_power_mode
                0x00021ef4      0x130 ./../Libraries/BSTLib/debug/libBSTLib_efm32_debug.a(bmg160.o)
                0x00021ef4                bmg160_get_power_mode
 .text.bmg160_set_power_mode
                0x00022024      0x470 ./../Libraries/BSTLib/debug/libBSTLib_efm32_debug.a(bmg160.o)
                0x00022024                bmg160_set_power_mode
 .text.bmg160_get_auto_sleep_durn
                0x00022494       0x70 ./../Libraries/BSTLib/debug/libBSTLib_efm32_debug.a(bmg160.o)
                0x00022494                bmg160_get_auto_sleep_durn
 .text.bmg160_set_auto_sleep_durn
                0x00022504      0x1b4 ./../Libraries/BSTLib/debug/libBSTLib_efm32_debug.a(bmg160.o)
                0x00022504                bmg160_set_auto_sleep_durn
 .text.bmi160_init
                0x000226b8       0x90 ./../Libraries/BSTLib/debug/libBSTLib_efm32_debug.a(bmi160.o)
                0x000226b8                bmi160_init
 .text.bmi160_write_reg
                0x00022748       0x60 ./../Libraries/BSTLib/debug/libBSTLib_efm32_debug.a(bmi160.o)
                0x00022748                bmi160_write_reg
 .text.bmi160_read_accel_xyz
                0x000227a8       0xc4 ./../Libraries/BSTLib/debug/libBSTLib_efm32_debug.a(bmi160.o)
                0x000227a8                bmi160_read_accel_xyz
 .text.bmi160_set_accel_output_data_rate
                0x0002286c      0x2c0 ./../Libraries/BSTLib/debug/libBSTLib_efm32_debug.a(bmi160.o)
                0x0002286c                bmi160_set_accel_output_data_rate
 .text.bmi160_set_accel_bw
                0x00022b2c       0xd4 ./../Libraries/BSTLib/debug/libBSTLib_efm32_debug.a(bmi160.o)
                0x00022b2c                bmi160_set_accel_bw
 .text.bmi160_set_accel_under_sampling_parameter
                0x00022c00       0xcc ./../Libraries/BSTLib/debug/libBSTLib_efm32_debug.a(bmi160.o)
                0x00022c00                bmi160_set_accel_under_sampling_parameter
 .text.bmi160_set_accel_range
                0x00022ccc       0xe0 ./../Libraries/BSTLib/debug/libBSTLib_efm32_debug.a(bmi160.o)
                0x00022ccc                bmi160_set_accel_range
 .text.bmi160_set_gyro_output_data_rate
                0x00022dac       0xfc ./../Libraries/BSTLib/debug/libBSTLib_efm32_debug.a(bmi160.o)
                0x00022dac                bmi160_set_gyro_output_data_rate
 .text.bmi160_set_gyro_bw
                0x00022ea8       0xd4 ./../Libraries/BSTLib/debug/libBSTLib_efm32_debug.a(bmi160.o)
                0x00022ea8                bmi160_set_gyro_bw
 .text.bmi160_set_gyro_range
                0x00022f7c       0xcc ./../Libraries/BSTLib/debug/libBSTLib_efm32_debug.a(bmi160.o)
                0x00022f7c                bmi160_set_gyro_range
 .text.bmi160_set_command_register
                0x00023048       0x60 ./../Libraries/BSTLib/debug/libBSTLib_efm32_debug.a(bmi160.o)
                0x00023048                bmi160_set_command_register
 .text.Retcode_Initialize
                0x000230a8       0x60 ./../Platform/Essentials/release/libEssentials_efm32.a(Retcode.o)
                0x000230a8                Retcode_Initialize
 .text.Retcode_RaiseError
                0x00023108       0x24 ./../Platform/Essentials/release/libEssentials_efm32.a(Retcode.o)
                0x00023108                Retcode_RaiseError
 .text.Retcode_RaiseErrorFromIsr
                0x0002312c       0x24 ./../Platform/Essentials/release/libEssentials_efm32.a(Retcode.o)
                0x0002312c                Retcode_RaiseErrorFromIsr
 .text.RTC_IntClear
                0x00023150       0x20 ./../Platform/Essentials/release/libEssentials_efm32.a(Timer.o)
 .text.RTC_IntDisable
                0x00023170       0x30 ./../Platform/Essentials/release/libEssentials_efm32.a(Timer.o)
 .text.RTC_IntGet
                0x000231a0       0x18 ./../Platform/Essentials/release/libEssentials_efm32.a(Timer.o)
 .text.TIMER_IntClear
                0x000231b8       0x1c ./../Platform/Essentials/release/libEssentials_efm32.a(Timer.o)
 .text.TIMER_IntDisable
                0x000231d4       0x24 ./../Platform/Essentials/release/libEssentials_efm32.a(Timer.o)
 .text.TIMER_IntGet
                0x000231f8       0x18 ./../Platform/Essentials/release/libEssentials_efm32.a(Timer.o)
 .text.LETIMER_IntClear
                0x00023210       0x1c ./../Platform/Essentials/release/libEssentials_efm32.a(Timer.o)
 .text.LETIMER_IntDisable
                0x0002322c       0x24 ./../Platform/Essentials/release/libEssentials_efm32.a(Timer.o)
 .text.LETIMER_IntGet
                0x00023250       0x18 ./../Platform/Essentials/release/libEssentials_efm32.a(Timer.o)
 .text.MCU_Timer_Initialize
                0x00023268       0xe4 ./../Platform/Essentials/release/libEssentials_efm32.a(Timer.o)
                0x00023268                MCU_Timer_Initialize
 .text.MCU_Timer_Callback